BL51 BANKED LINKER/LOCATER V6.22                                                        11/23/2018  16:09:22  PAGE 1


BL51 BANKED LINKER/LOCATER V6.22, INVOKED BY:
H:\LIEK4\C51\BIN\BL51.EXE .\Output\uart.obj, .\Output\main.obj, .\Output\type_a.obj, .\Output\spi.obj, .\Output\mifare_c
>> ard.obj, .\Output\fm175xx.obj, .\Output\cpu_card.obj, .\Output\ultralight.obj, .\Output\type_b.obj, .\Output\type_f.o
>> bj, .\Output\uart_app.obj, .\Output\I2C.obj, .\Output\BT.obj, .\Output\EEPROM.obj TO .\Output\À¶ÑÀ¿ªÏäÆ÷STC15 PRINT (
>> .\List\À¶ÑÀ¿ªÏäÆ÷STC15.m51) RAMSIZE (256)


MEMORY MODEL: LARGE


INPUT MODULES INCLUDED:
  .\Output\uart.obj (UART)
  .\Output\main.obj (MAIN)
  .\Output\type_a.obj (TYPE_A)
  .\Output\spi.obj (SPI)
  .\Output\mifare_card.obj (MIFARE_CARD)
  .\Output\fm175xx.obj (FM175XX)
  .\Output\cpu_card.obj (CPU_CARD)
  .\Output\ultralight.obj (ULTRALIGHT)
  .\Output\type_b.obj (TYPE_B)
  .\Output\type_f.obj (TYPE_F)
  .\Output\uart_app.obj (UART_APP)
  .\Output\I2C.obj (I2C)
  .\Output\BT.obj (BT)
  .\Output\EEPROM.obj (EEPROM)
  H:\LIEK4\C51\LIB\C51L.LIB (?C_STARTUP)
  H:\LIEK4\C51\LIB\C51L.LIB (?C?COPY)
  H:\LIEK4\C51\LIB\C51L.LIB (?C?CLDPTR)
  H:\LIEK4\C51\LIB\C51L.LIB (?C?CLDOPTR)
  H:\LIEK4\C51\LIB\C51L.LIB (?C?CSTPTR)
  H:\LIEK4\C51\LIB\C51L.LIB (?C?CSTOPTR)
  H:\LIEK4\C51\LIB\C51L.LIB (?C?UIDIV)
  H:\LIEK4\C51\LIB\C51L.LIB (?C?IILDX)
  H:\LIEK4\C51\LIB\C51L.LIB (?C?ILDIX)
  H:\LIEK4\C51\LIB\C51L.LIB (?C?ISTPTR)
  H:\LIEK4\C51\LIB\C51L.LIB (?C?LMUL)
  H:\LIEK4\C51\LIB\C51L.LIB (?C?ULDIV)
  H:\LIEK4\C51\LIB\C51L.LIB (?C?ULCMP)
  H:\LIEK4\C51\LIB\C51L.LIB (?C?ULSHR)
  H:\LIEK4\C51\LIB\C51L.LIB (?C?LSTXDATA)
  H:\LIEK4\C51\LIB\C51L.LIB (?C?CCASE)
  H:\LIEK4\C51\LIB\C51L.LIB (?C?MEMMOVE)
  H:\LIEK4\C51\LIB\C51L.LIB (?C_INIT)


LINK MAP OF MODULE:  .\Output\À¶ÑÀ¿ªÏäÆ÷STC15 (UART)


            TYPE    BASE      LENGTH    RELOCATION   SEGMENT NAME
            -----------------------------------------------------

            * * * * * * *   D A T A   M E M O R Y   * * * * * * *
            REG     0000H     0008H     ABSOLUTE     "REG BANK 0"
            DATA    0008H     0004H     UNIT         ?DT?UART
            IDATA   000CH     0007H     UNIT         ?ID?MAIN
                    0013H     000DH                  *** GAP ***
            BIT     0020H.0   0000H.4   UNIT         ?BI?MAIN
            BIT     0020H.4   0000H.2   UNIT         _BIT_GROUP_
BL51 BANKED LINKER/LOCATER V6.22                                                      11/23/2018  16:09:22  PAGE 2


                    0020H.6   0000H.2                *** GAP ***
            DATA    0021H     002FH     UNIT         _DATA_GROUP_
            IDATA   0050H     0001H     UNIT         ?STACK

            * * * * * * *  X D A T A   M E M O R Y  * * * * * * *
            XDATA   0000H     037AH     UNIT         ?XD?MAIN
            XDATA   037AH     020AH     UNIT         ?XD?UART
            XDATA   0584H     00CEH     UNIT         _XDATA_GROUP_
            XDATA   0652H     001BH     UNIT         ?XD?UART_APP
            XDATA   066DH     0010H     UNIT         ?XD?TYPE_A
            XDATA   067DH     000BH     UNIT         ?XD?CPU_CARD
            XDATA   0688H     000BH     UNIT         ?XD?TYPE_B
            XDATA   0693H     000AH     UNIT         ?XD?_FM11_WRITEE2?I2C
            XDATA   069DH     0008H     UNIT         ?XD?TYPE_F
            XDATA   06A5H     0001H     UNIT         ?XD?FM175XX
            XDATA   06A6H     0001H     UNIT         ?XD?I2C

            * * * * * * *   C O D E   M E M O R Y   * * * * * * *
            CODE    0000H     0003H     ABSOLUTE     
            CODE    0003H     0008H     UNIT         ?PR?CPU_PCB?CPU_CARD
            CODE    000BH     0003H     ABSOLUTE     
            CODE    000EH     0015H     UNIT         ?PR?UART2_INIT?UART
            CODE    0023H     0003H     ABSOLUTE     
            CODE    0026H     001DH     UNIT         ?PR?FM175X_SOFTRESET?FM175XX
            CODE    0043H     0003H     ABSOLUTE     
            CODE    0046H     0FF9H     UNIT         ?PR?MAIN?MAIN
            CODE    103FH     0911H     UNIT         ?PR?UART_APP?UART_APP
            CODE    1950H     075FH     UNIT         ?PR?_UARTN?MAIN
            CODE    20AFH     0525H     UNIT         ?C?LIB_CODE
            CODE    25D4H     0374H     UNIT         ?PR?_UART_?MAIN
            CODE    2948H     02A7H     UNIT         ?PR?_TYPEA_CARDACTIVATE?TYPE_A
            CODE    2BEFH     022BH     UNIT         ?PR?_PCD_COMM?FM175XX
            CODE    2E1AH     0201H     UNIT         ?PR?BT_INIT?BT
            CODE    301BH     01DDH     UNIT         ?PR?_FM11_WRITEE2?I2C
            CODE    31F8H     0186H     UNIT         ?C_INITSEG
            CODE    337EH     0160H     UNIT         ?PR?_CPU_RATS?CPU_CARD
            CODE    34DEH     0151H     UNIT         ?PR?_REM1_SECTOR?MAIN
            CODE    362FH     014BH     UNIT         ?PR?_CPU_I_BLOCK?CPU_CARD
            CODE    377AH     012CH     UNIT         ?PR?_TYPEB_WUP?TYPE_B
            CODE    38A6H     012AH     UNIT         ?PR?_TYPEB_REQUEST?TYPE_B
            CODE    39D0H     00F8H     UNIT         ?PR?_STRSEARCH?BT
            CODE    3AC8H     00F3H     UNIT         ?PR?TIME0?MAIN
            CODE    3BBBH     00F2H     UNIT         ?PR?_CPU_S_BLOCK?CPU_CARD
            CODE    3CADH     00DFH     UNIT         ?PR?_TYPEA_ANTICOLLISION?TYPE_A
            CODE    3D8CH     00D8H     UNIT         ?PR?_TYPEF_POLLING?TYPE_F
            CODE    3E64H     00CDH     UNIT         ?PR?_WRM1?MAIN
            CODE    3F31H     00CBH     UNIT         ?PR?_REM1?MAIN
            CODE    3FFCH     00CBH     UNIT         ?PR?_CPU_R_BLOCK?CPU_CARD
            CODE    40C7H     00C7H     UNIT         ?PR?_PCD_SETTIMER?FM175XX
            CODE    418EH     00C5H     UNIT         ?PR?_MIFARE_BLOCKWRITE?MIFARE_CARD
            CODE    4253H     00BFH     UNIT         ?PR?_FM11_RFDATATX?I2C
            CODE    4312H     00B3H     UNIT         ?PR?_MIFARE_AUTH?MIFARE_CARD
            CODE    43C5H     00ABH     UNIT         ?PR?_TYPEB_SELECT?TYPE_B
            CODE    4470H     00A4H     UNIT         ?PR?_TYPEA_SELECT?TYPE_A
            CODE    4514H     00A4H     UNIT         ?PR?_MIFARE_BLOCKINC?MIFARE_CARD
            CODE    45B8H     00A4H     UNIT         ?PR?_MIFARE_BLOCKDEC?MIFARE_CARD
            CODE    465CH     00A4H     UNIT         ?PR?_CPU_PPS?CPU_CARD
BL51 BANKED LINKER/LOCATER V6.22                                                      11/23/2018  16:09:22  PAGE 3


            CODE    4700H     009FH     UNIT         ?PR?_MIFARE_RESTORE?MIFARE_CARD
            CODE    479FH     009CH     UNIT         ?PR?_TYPEB_HALT?TYPE_B
            CODE    483BH     0098H     UNIT         ?PR?_PCD_CONFIGISOTYPE?FM175XX
            CODE    48D3H     0097H     UNIT         ?PR?_TYPEA_REQUEST?TYPE_A
            CODE    496AH     0097H     UNIT         ?PR?_TYPEA_WAKEUP?TYPE_A
            CODE    4A01H     0094H     UNIT         ?PR?_SPIREAD_SEQUENCE?SPI
            CODE    4A95H     0090H     UNIT         ?PR?_TYPEB_GETUID?TYPE_B
            CODE    4B25H     008CH     UNIT         ?PR?_MIFARE_BLOCKREAD?MIFARE_CARD
            CODE    4BB1H     008CH     UNIT         ?C_C51STARTUP
            CODE    4C3DH     008BH     UNIT         ?PR?_X_OR?MAIN
            CODE    4CC8H     0085H     UNIT         ?PR?_CPU_TPDU?CPU_CARD
            CODE    4D4DH     0085H     UNIT         ?PR?_FM11_READE2?I2C
            CODE    4DD2H     0076H     UNIT         ?PR?UART2_INTE?MAIN
            CODE    4E48H     0076H     UNIT         ?PR?_ULTRA_WRITE?ULTRALIGHT
            CODE    4EBEH     0071H     UNIT         ?PR?_SET_RF?FM175XX
            CODE    4F2FH     006FH     UNIT         ?PR?UART1_INTE?MAIN
            CODE    4F9EH     006EH     UNIT         ?PR?_SEE_WRITEPAGE?I2C
            CODE    500CH     006BH     UNIT         ?PR?_ULTRA_READ?ULTRALIGHT
            CODE    5077H     0064H     UNIT         ?PR?_MIFARE_TRANSFER?MIFARE_CARD
            CODE    50DBH     0062H     UNIT         ?PR?_MIFARE_BLOCKSET?MIFARE_CARD
            CODE    513DH     005AH     UNIT         ?CO?MAIN
            CODE    5197H     0056H     UNIT         ?PR?TYPEA_HALT?TYPE_A
            CODE    51EDH     0056H     UNIT         ?PR?_CPU_RANDOM?CPU_CARD
            CODE    5243H     0056H     UNIT         ?PR?_CPU_BAUDRATE_SET?CPU_CARD
            CODE    5299H     0055H     UNIT         ?PR?_SPIWRITE_SEQUENCE?SPI
            CODE    52EEH     0054H     UNIT         ?CO?BT
            CODE    5342H     0047H     UNIT         ?PR?I2C_DELAY?I2C
            CODE    5389H     0044H     UNIT         ?PR?_DELAY_100US?MAIN
            CODE    53CDH     003CH     UNIT         ?PR?_DEBUG_SEND_STRING1?UART
            CODE    5409H     003CH     UNIT         ?PR?_SEND_STRING1?UART
            CODE    5445H     003CH     UNIT         ?PR?_SEND_STRING2?UART
            CODE    5481H     0034H     UNIT         ?PR?_READ_REG_ALL?FM175XX
            CODE    54B5H     002EH     UNIT         ?PR?_SEND_CHAR1?UART
            CODE    54E3H     0028H     UNIT         ?PR?_SEND_CHAR2?UART
            CODE    550BH     0028H     UNIT         ?PR?_WAIT_SPSTAT?SPI
            CODE    5533H     0028H     UNIT         ?PR?_SPIREAD?SPI
            CODE    555BH     0027H     UNIT         ?PR?_FM11_WRITEREG?I2C
            CODE    5582H     0026H     UNIT         ?PR?VARIABLE_INIT?MAIN
            CODE    55A8H     0025H     UNIT         ?PR?_DELAY?MAIN
            CODE    55CDH     0025H     UNIT         ?PR?_E2PROM?EEPROM
            CODE    55F2H     0024H     UNIT         ?PR?_SPIWRITE?SPI
            CODE    5616H     0024H     UNIT         ?PR?I2C_WAITACK?I2C
            CODE    563AH     0024H     UNIT         ?PR?FM11_INIT?I2C
            CODE    565EH     0023H     UNIT         ?PR?_I2C_SENDBYTE?I2C
            CODE    5681H     0022H     UNIT         ?PR?_SET_BITMASK?FM175XX
            CODE    56A3H     0022H     UNIT         ?PR?I2C_RECEIVEBYTE?I2C
            CODE    56C5H     0021H     UNIT         ?PR?_FM11_READREG?I2C
            CODE    56E6H     0020H     UNIT         ?PR?IO_INIT?MAIN
            CODE    5706H     0020H     UNIT         ?PR?I2C_START?I2C
            CODE    5726H     001FH     UNIT         ?PR?_CLEAR_BITMASK?FM175XX
            CODE    5745H     001FH     UNIT         ?PR?SEE_WAITEESTANDBYSTATE?I2C
            CODE    5764H     001EH     UNIT         ?PR?UART1_INIT?UART
            CODE    5782H     001DH     UNIT         ?PR?FM175X_SOFTPOWERDOWN?FM175XX
            CODE    579FH     001DH     UNIT         ?PR?_WRITE_EXT_REG?FM175XX
            CODE    57BCH     001DH     UNIT         ?PR?_FM11_WRITEFIFO?I2C
            CODE    57D9H     001AH     UNIT         ?PR?_DEBUG_SEND_CHAR1?UART
            CODE    57F3H     0018H     UNIT         ?PR?_READ_FIFO?FM175XX
BL51 BANKED LINKER/LOCATER V6.22                                                      11/23/2018  16:09:22  PAGE 4


            CODE    580BH     0018H     UNIT         ?PR?_FM11_READFIFO?I2C
            CODE    5823H     0017H     UNIT         ?CO?SPI
            CODE    583AH     0016H     UNIT         ?PR?_WRITE_FIFO?FM175XX
            CODE    5850H     0015H     UNIT         ?PR?TIMER0INIT?MAIN
            CODE    5865H     0015H     UNIT         ?PR?FM175X_HARDRESET?FM175XX
            CODE    587AH     0014H     UNIT         ?PR?CLEAR_FIFO?FM175XX
            CODE    588EH     0012H     UNIT         ?PR?REST_FM17XX?MAIN
            CODE    58A0H     000FH     UNIT         ?PR?SPI_INIT?SPI
            CODE    58AFH     000FH     UNIT         ?PR?_READ_EXT_REG?FM175XX
            CODE    58BEH     000FH     UNIT         ?PR?I2C_NOACK?I2C
            CODE    58CDH     000CH     UNIT         ?PR?FMQ?MAIN
            CODE    58D9H     000BH     UNIT         ?PR?FM175X_HARDPOWERDOWN?FM175XX
            CODE    58E4H     000AH     UNIT         ?PR?_WRITE_REG?FM175XX
            CODE    58EEH     0008H     UNIT         ?PR?I2C_STOP?I2C
            CODE    58F6H     0008H     UNIT         ?PR?I2C_ACK?I2C
            CODE    58FEH     0006H     UNIT         ?PR?_READ_REG?FM175XX
            CODE    5904H     0006H     UNIT         ?CO?CPU_CARD
            CODE    590AH     0006H     UNIT         ?CO?TYPE_F



OVERLAY MAP OF MODULE:   .\Output\À¶ÑÀ¿ªÏäÆ÷STC15 (UART)


SEGMENT                                       BIT_GROUP          DATA_GROUP          XDATA_GROUP
  +--> CALLED SEGMENT                      START    LENGTH     START    LENGTH     START    LENGTH
--------------------------------------------------------------------------------------------------
?PR?UART1_INTE?MAIN                        -----    -----      -----    -----      -----    -----
  +--> ?PR?_UART_?MAIN

?PR?_UART_?MAIN                            -----    -----      -----    -----      0590H    000CH
  +--> ?PR?_SEND_CHAR1?UART

*** NEW ROOT ***************************************************

?PR?UART2_INTE?MAIN                        -----    -----      -----    -----      -----    -----
  +--> ?PR?_UART_?MAIN

*** NEW ROOT ***************************************************

?PR?TIME0?MAIN                             -----    -----      -----    -----      -----    -----
  +--> ?PR?_SEND_STRING1?UART
  +--> ?PR?_SEND_CHAR1?UART

?PR?_SEND_STRING1?UART                     -----    -----      -----    -----      0626H    0003H
  +--> ?PR?_SEND_CHAR1?UART

*** NEW ROOT ***************************************************

?C_C51STARTUP                              -----    -----      -----    -----      -----    -----
  +--> ?PR?MAIN?MAIN
  +--> ?C_INITSEG

?PR?MAIN?MAIN                              0020H.4  0000H.2    -----    -----      059FH    0075H
  +--> ?CO?MAIN
  +--> ?PR?IO_INIT?MAIN
  +--> ?PR?UART1_INIT?UART
BL51 BANKED LINKER/LOCATER V6.22                                                      11/23/2018  16:09:22  PAGE 5


  +--> ?PR?UART2_INIT?UART
  +--> ?PR?TIMER0INIT?MAIN
  +--> ?PR?FM11_INIT?I2C
  +--> ?PR?BT_INIT?BT
  +--> ?PR?_SEND_STRING1?UART
  +--> ?PR?_SEND_STRING2?UART
  +--> ?PR?_SEND_CHAR1?UART
  +--> ?PR?_E2PROM?EEPROM
  +--> ?PR?FMQ?MAIN
  +--> ?PR?_DELAY?MAIN
  +--> ?PR?VARIABLE_INIT?MAIN
  +--> ?PR?SPI_INIT?SPI
  +--> ?PR?_REM1?MAIN
  +--> ?PR?_FM11_READREG?I2C
  +--> ?PR?UART_APP?UART_APP
  +--> ?PR?_X_OR?MAIN
  +--> ?PR?_REM1_SECTOR?MAIN
  +--> ?PR?_WRM1?MAIN
  +--> ?PR?_SET_RF?FM175XX
  +--> ?PR?_FM11_READFIFO?I2C
  +--> ?PR?_FM11_RFDATATX?I2C
  +--> ?PR?_UARTN?MAIN

?PR?FM11_INIT?I2C                          -----    -----      -----    -----      -----    -----
  +--> ?PR?_FM11_WRITEREG?I2C

?PR?_FM11_WRITEREG?I2C                     -----    -----      -----    -----      -----    -----
  +--> ?PR?I2C_START?I2C
  +--> ?PR?_I2C_SENDBYTE?I2C
  +--> ?PR?I2C_WAITACK?I2C
  +--> ?PR?I2C_STOP?I2C

?PR?I2C_START?I2C                          -----    -----      -----    -----      -----    -----
  +--> ?PR?I2C_DELAY?I2C

?PR?_I2C_SENDBYTE?I2C                      -----    -----      -----    -----      -----    -----
  +--> ?PR?I2C_DELAY?I2C

?PR?I2C_WAITACK?I2C                        -----    -----      -----    -----      -----    -----
  +--> ?PR?_I2C_SENDBYTE?I2C
  +--> ?PR?I2C_DELAY?I2C

?PR?I2C_STOP?I2C                           -----    -----      -----    -----      -----    -----
  +--> ?PR?I2C_DELAY?I2C

?PR?BT_INIT?BT                             -----    -----      -----    -----      0614H    0012H
  +--> ?CO?BT
  +--> ?PR?_SEND_STRING1?UART
  +--> ?PR?_SEND_STRING2?UART
  +--> ?PR?_SEND_CHAR1?UART
  +--> ?PR?_STRSEARCH?BT

?PR?_SEND_STRING2?UART                     -----    -----      -----    -----      0626H    0003H
  +--> ?PR?_SEND_CHAR2?UART

?PR?_STRSEARCH?BT                          -----    -----      -----    -----      0626H    000DH

BL51 BANKED LINKER/LOCATER V6.22                                                      11/23/2018  16:09:22  PAGE 6


?PR?_DELAY?MAIN                            -----    -----      -----    -----      -----    -----
  +--> ?PR?FMQ?MAIN

?PR?_REM1?MAIN                             -----    -----      -----    -----      0621H    0009H
  +--> ?PR?_SET_RF?FM175XX
  +--> ?PR?_PCD_CONFIGISOTYPE?FM175XX
  +--> ?PR?_TYPEA_CARDACTIVATE?TYPE_A
  +--> ?PR?_MIFARE_AUTH?MIFARE_CARD
  +--> ?PR?_MIFARE_BLOCKREAD?MIFARE_CARD

?PR?_SET_RF?FM175XX                        -----    -----      0021H    0001H      062AH    0001H
  +--> ?PR?_READ_REG?FM175XX
  +--> ?PR?_CLEAR_BITMASK?FM175XX
  +--> ?PR?_SET_BITMASK?FM175XX
  +--> ?PR?_DELAY_100US?MAIN

?PR?_READ_REG?FM175XX                      -----    -----      004DH    0001H      -----    -----
  +--> ?PR?_SPIREAD?SPI

?PR?_SPIREAD?SPI                           -----    -----      004EH    0002H      -----    -----
  +--> ?PR?_WAIT_SPSTAT?SPI

?PR?_WAIT_SPSTAT?SPI                       -----    -----      -----    -----      0644H    0002H

?PR?_CLEAR_BITMASK?FM175XX                 -----    -----      004BH    0001H      063FH    0002H
  +--> ?PR?_READ_REG?FM175XX
  +--> ?PR?_WRITE_REG?FM175XX

?PR?_WRITE_REG?FM175XX                     -----    -----      -----    -----      -----    -----
  +--> ?PR?_SPIWRITE?SPI

?PR?_SPIWRITE?SPI                          -----    -----      004DH    0001H      -----    -----
  +--> ?PR?_WAIT_SPSTAT?SPI

?PR?_SET_BITMASK?FM175XX                   -----    -----      004CH    0001H      063FH    0002H
  +--> ?PR?_READ_REG?FM175XX
  +--> ?PR?_WRITE_REG?FM175XX

?PR?_PCD_CONFIGISOTYPE?FM175XX             -----    -----      -----    -----      062AH    0001H
  +--> ?PR?_SET_BITMASK?FM175XX
  +--> ?PR?_WRITE_REG?FM175XX

?PR?_TYPEA_CARDACTIVATE?TYPE_A             -----    -----      0021H    0001H      062AH    0003H
  +--> ?PR?_TYPEA_REQUEST?TYPE_A
  +--> ?PR?_TYPEA_ANTICOLLISION?TYPE_A
  +--> ?PR?_TYPEA_SELECT?TYPE_A

?PR?_TYPEA_REQUEST?TYPE_A                  -----    -----      0022H    0006H      062DH    0003H
  +--> ?PR?_CLEAR_BITMASK?FM175XX
  +--> ?PR?_SET_BITMASK?FM175XX
  +--> ?PR?_WRITE_REG?FM175XX
  +--> ?PR?_PCD_SETTIMER?FM175XX
  +--> ?PR?_PCD_COMM?FM175XX

?PR?_PCD_SETTIMER?FM175XX                  -----    -----      0046H    0006H      0634H    0004H
  +--> ?PR?_SET_BITMASK?FM175XX
  +--> ?PR?_WRITE_REG?FM175XX
BL51 BANKED LINKER/LOCATER V6.22                                                      11/23/2018  16:09:22  PAGE 7



?PR?_PCD_COMM?FM175XX                      -----    -----      0046H    0005H      0634H    000BH
  +--> ?PR?_DEBUG_SEND_CHAR1?UART
  +--> ?PR?CLEAR_FIFO?FM175XX
  +--> ?PR?_WRITE_REG?FM175XX
  +--> ?PR?_WRITE_FIFO?FM175XX
  +--> ?PR?_SET_BITMASK?FM175XX
  +--> ?PR?_READ_REG?FM175XX
  +--> ?PR?_READ_FIFO?FM175XX
  +--> ?PR?_CLEAR_BITMASK?FM175XX

?PR?_DEBUG_SEND_CHAR1?UART                 -----    -----      -----    -----      0647H    0001H

?PR?CLEAR_FIFO?FM175XX                     -----    -----      -----    -----      -----    -----
  +--> ?PR?_SET_BITMASK?FM175XX
  +--> ?PR?_SPIREAD?SPI

?PR?_WRITE_FIFO?FM175XX                    -----    -----      -----    -----      -----    -----
  +--> ?PR?_SPIWRITE_SEQUENCE?SPI

?PR?_SPIWRITE_SEQUENCE?SPI                 -----    -----      004BH    0002H      063FH    0003H
  +--> ?PR?_WAIT_SPSTAT?SPI

?PR?_READ_FIFO?FM175XX                     -----    -----      -----    -----      -----    -----
  +--> ?PR?_SPIREAD_SEQUENCE?SPI

?PR?_SPIREAD_SEQUENCE?SPI                  -----    -----      004BH    0002H      063FH    0005H
  +--> ?CO?SPI
  +--> ?PR?_DEBUG_SEND_STRING1?UART
  +--> ?PR?_WAIT_SPSTAT?SPI
  +--> ?PR?_DEBUG_SEND_CHAR1?UART

?PR?_DEBUG_SEND_STRING1?UART               -----    -----      -----    -----      0644H    0003H
  +--> ?PR?_DEBUG_SEND_CHAR1?UART

?PR?_TYPEA_ANTICOLLISION?TYPE_A            -----    -----      0022H    000BH      062DH    0004H
  +--> ?PR?_CLEAR_BITMASK?FM175XX
  +--> ?PR?_WRITE_REG?FM175XX
  +--> ?PR?_PCD_SETTIMER?FM175XX
  +--> ?PR?_PCD_COMM?FM175XX

?PR?_TYPEA_SELECT?TYPE_A                   -----    -----      0022H    0010H      062DH    0007H
  +--> ?PR?_WRITE_REG?FM175XX
  +--> ?PR?_SET_BITMASK?FM175XX
  +--> ?PR?_CLEAR_BITMASK?FM175XX
  +--> ?PR?_PCD_SETTIMER?FM175XX
  +--> ?PR?_PCD_COMM?FM175XX

?PR?_MIFARE_AUTH?MIFARE_CARD               -----    -----      0021H    0010H      062AH    0008H
  +--> ?PR?_PCD_SETTIMER?FM175XX
  +--> ?PR?_PCD_COMM?FM175XX
  +--> ?PR?_READ_REG?FM175XX

?PR?_MIFARE_BLOCKREAD?MIFARE_CARD          -----    -----      0021H    0005H      062AH    0004H
  +--> ?PR?_WRITE_REG?FM175XX
  +--> ?PR?_PCD_SETTIMER?FM175XX
  +--> ?PR?_PCD_COMM?FM175XX
BL51 BANKED LINKER/LOCATER V6.22                                                      11/23/2018  16:09:22  PAGE 8



?PR?_FM11_READREG?I2C                      -----    -----      -----    -----      0619H    0032H
  +--> ?PR?_FM11_READE2?I2C

?PR?_FM11_READE2?I2C                       -----    -----      -----    -----      064BH    0007H
  +--> ?PR?I2C_START?I2C
  +--> ?PR?_I2C_SENDBYTE?I2C
  +--> ?PR?I2C_WAITACK?I2C
  +--> ?PR?I2C_STOP?I2C
  +--> ?PR?I2C_RECEIVEBYTE?I2C
  +--> ?PR?I2C_NOACK?I2C
  +--> ?PR?I2C_ACK?I2C

?PR?I2C_RECEIVEBYTE?I2C                    -----    -----      -----    -----      -----    -----
  +--> ?PR?I2C_DELAY?I2C

?PR?I2C_NOACK?I2C                          -----    -----      -----    -----      -----    -----
  +--> ?PR?I2C_DELAY?I2C

?PR?I2C_ACK?I2C                            -----    -----      -----    -----      -----    -----
  +--> ?PR?I2C_DELAY?I2C

?PR?UART_APP?UART_APP                      -----    -----      -----    -----      -----    -----
  +--> ?PR?FM175X_SOFTRESET?FM175XX
  +--> ?PR?FM175X_HARDRESET?FM175XX
  +--> ?PR?_READ_REG_ALL?FM175XX
  +--> ?PR?_READ_REG?FM175XX
  +--> ?PR?_WRITE_REG?FM175XX
  +--> ?PR?_READ_EXT_REG?FM175XX
  +--> ?PR?_WRITE_EXT_REG?FM175XX
  +--> ?PR?FM175X_HARDPOWERDOWN?FM175XX
  +--> ?PR?FM175X_SOFTPOWERDOWN?FM175XX
  +--> ?PR?_SET_RF?FM175XX
  +--> ?PR?_PCD_CONFIGISOTYPE?FM175XX
  +--> ?PR?_TYPEA_REQUEST?TYPE_A
  +--> ?PR?_TYPEA_WAKEUP?TYPE_A
  +--> ?PR?TYPEA_HALT?TYPE_A
  +--> ?PR?_TYPEA_CARDACTIVATE?TYPE_A
  +--> ?PR?_MIFARE_AUTH?MIFARE_CARD
  +--> ?PR?_MIFARE_BLOCKREAD?MIFARE_CARD
  +--> ?PR?_MIFARE_BLOCKWRITE?MIFARE_CARD
  +--> ?PR?_MIFARE_BLOCKINC?MIFARE_CARD
  +--> ?PR?_MIFARE_BLOCKDEC?MIFARE_CARD
  +--> ?PR?_MIFARE_TRANSFER?MIFARE_CARD
  +--> ?PR?_MIFARE_RESTORE?MIFARE_CARD
  +--> ?PR?_MIFARE_BLOCKSET?MIFARE_CARD
  +--> ?PR?_CPU_RATS?CPU_CARD
  +--> ?PR?_CPU_PPS?CPU_CARD
  +--> ?PR?_CPU_BAUDRATE_SET?CPU_CARD
  +--> ?PR?_CPU_TPDU?CPU_CARD
  +--> ?PR?_CPU_R_BLOCK?CPU_CARD
  +--> ?PR?_CPU_S_BLOCK?CPU_CARD
  +--> ?PR?_CPU_I_BLOCK?CPU_CARD
  +--> ?PR?_CPU_RANDOM?CPU_CARD
  +--> ?PR?_TYPEB_REQUEST?TYPE_B
  +--> ?PR?_TYPEB_SELECT?TYPE_B
  +--> ?PR?_TYPEB_HALT?TYPE_B
BL51 BANKED LINKER/LOCATER V6.22                                                      11/23/2018  16:09:22  PAGE 9


  +--> ?PR?_TYPEB_GETUID?TYPE_B
  +--> ?PR?_TYPEB_WUP?TYPE_B
  +--> ?PR?_ULTRA_READ?ULTRALIGHT
  +--> ?PR?_ULTRA_WRITE?ULTRALIGHT
  +--> ?PR?_TYPEF_POLLING?TYPE_F

?PR?FM175X_SOFTRESET?FM175XX               -----    -----      -----    -----      -----    -----
  +--> ?PR?_WRITE_REG?FM175XX
  +--> ?PR?_SET_BITMASK?FM175XX
  +--> ?PR?_READ_REG?FM175XX

?PR?FM175X_HARDRESET?FM175XX               -----    -----      -----    -----      -----    -----
  +--> ?PR?_DELAY_100US?MAIN

?PR?_READ_REG_ALL?FM175XX                  -----    -----      0021H    0001H      0614H    0003H
  +--> ?PR?_SPIREAD?SPI

?PR?_READ_EXT_REG?FM175XX                  -----    -----      -----    -----      -----    -----
  +--> ?PR?_WRITE_REG?FM175XX
  +--> ?PR?_READ_REG?FM175XX

?PR?_WRITE_EXT_REG?FM175XX                 -----    -----      -----    -----      0614H    0001H
  +--> ?PR?_WRITE_REG?FM175XX

?PR?FM175X_SOFTPOWERDOWN?FM175XX           -----    -----      -----    -----      -----    -----
  +--> ?PR?_READ_REG?FM175XX
  +--> ?PR?_CLEAR_BITMASK?FM175XX
  +--> ?PR?_SET_BITMASK?FM175XX

?PR?_TYPEA_WAKEUP?TYPE_A                   -----    -----      0021H    0006H      0614H    0003H
  +--> ?PR?_CLEAR_BITMASK?FM175XX
  +--> ?PR?_SET_BITMASK?FM175XX
  +--> ?PR?_WRITE_REG?FM175XX
  +--> ?PR?_PCD_SETTIMER?FM175XX
  +--> ?PR?_PCD_COMM?FM175XX

?PR?TYPEA_HALT?TYPE_A                      -----    -----      0021H    0006H      -----    -----
  +--> ?PR?_WRITE_REG?FM175XX
  +--> ?PR?_SET_BITMASK?FM175XX
  +--> ?PR?_CLEAR_BITMASK?FM175XX
  +--> ?PR?_PCD_SETTIMER?FM175XX
  +--> ?PR?_PCD_COMM?FM175XX

?PR?_MIFARE_BLOCKWRITE?MIFARE_CARD         -----    -----      0032H    0014H      061DH    0004H
  +--> ?PR?_PCD_SETTIMER?FM175XX
  +--> ?PR?_PCD_COMM?FM175XX

?PR?_MIFARE_BLOCKINC?MIFARE_CARD           -----    -----      0021H    0006H      0614H    0004H
  +--> ?PR?_PCD_SETTIMER?FM175XX
  +--> ?PR?_PCD_COMM?FM175XX

?PR?_MIFARE_BLOCKDEC?MIFARE_CARD           -----    -----      0021H    0006H      0614H    0004H
  +--> ?PR?_PCD_SETTIMER?FM175XX
  +--> ?PR?_PCD_COMM?FM175XX

?PR?_MIFARE_TRANSFER?MIFARE_CARD           -----    -----      0021H    0006H      0614H    0001H
  +--> ?PR?_PCD_SETTIMER?FM175XX
BL51 BANKED LINKER/LOCATER V6.22                                                      11/23/2018  16:09:22  PAGE 10


  +--> ?PR?_PCD_COMM?FM175XX

?PR?_MIFARE_RESTORE?MIFARE_CARD            -----    -----      0021H    0008H      0614H    0001H
  +--> ?PR?_PCD_SETTIMER?FM175XX
  +--> ?PR?_PCD_COMM?FM175XX

?PR?_MIFARE_BLOCKSET?MIFARE_CARD           -----    -----      0021H    0011H      -----    -----
  +--> ?PR?_MIFARE_BLOCKWRITE?MIFARE_CARD

?PR?_CPU_RATS?CPU_CARD                     -----    -----      0021H    0006H      0614H    0008H
  +--> ?PR?_WRITE_REG?FM175XX
  +--> ?PR?_PCD_SETTIMER?FM175XX
  +--> ?PR?CLEAR_FIFO?FM175XX
  +--> ?PR?_PCD_COMM?FM175XX

?PR?_CPU_PPS?CPU_CARD                      -----    -----      0021H    0006H      0614H    0008H
  +--> ?PR?_PCD_SETTIMER?FM175XX
  +--> ?PR?CLEAR_FIFO?FM175XX
  +--> ?PR?_PCD_COMM?FM175XX

?PR?_CPU_BAUDRATE_SET?CPU_CARD             -----    -----      -----    -----      0614H    0001H
  +--> ?PR?_CLEAR_BITMASK?FM175XX
  +--> ?PR?_SET_BITMASK?FM175XX

?PR?_CPU_TPDU?CPU_CARD                     -----    -----      0021H    0003H      0614H    000AH
  +--> ?PR?_PCD_SETTIMER?FM175XX
  +--> ?PR?_PCD_COMM?FM175XX

?PR?_CPU_R_BLOCK?CPU_CARD                  -----    -----      0021H    0005H      0614H    0006H
  +--> ?PR?_PCD_SETTIMER?FM175XX
  +--> ?PR?_PCD_COMM?FM175XX
  +--> ?PR?CPU_PCB?CPU_CARD

?PR?_CPU_S_BLOCK?CPU_CARD                  -----    -----      0021H    0006H      0614H    0007H
  +--> ?PR?_PCD_SETTIMER?FM175XX
  +--> ?PR?_PCD_COMM?FM175XX
  +--> ?PR?CPU_PCB?CPU_CARD

?PR?_CPU_I_BLOCK?CPU_CARD                  -----    -----      0027H    0003H      061AH    000AH
  +--> ?PR?_PCD_SETTIMER?FM175XX
  +--> ?PR?_PCD_COMM?FM175XX
  +--> ?PR?CPU_PCB?CPU_CARD

?PR?_CPU_RANDOM?CPU_CARD                   -----    -----      0021H    0006H      0614H    0006H
  +--> ?CO?CPU_CARD
  +--> ?PR?_CPU_I_BLOCK?CPU_CARD

?PR?_TYPEB_REQUEST?TYPE_B                  -----    -----      -----    -----      0614H    000FH
  +--> ?PR?_PCD_SETTIMER?FM175XX
  +--> ?PR?_PCD_COMM?FM175XX

?PR?_TYPEB_SELECT?TYPE_B                   -----    -----      -----    -----      0614H    0014H
  +--> ?PR?_PCD_SETTIMER?FM175XX
  +--> ?PR?_PCD_COMM?FM175XX

?PR?_TYPEB_HALT?TYPE_B                     -----    -----      -----    -----      0614H    0010H
  +--> ?PR?_PCD_SETTIMER?FM175XX
BL51 BANKED LINKER/LOCATER V6.22                                                      11/23/2018  16:09:22  PAGE 11


  +--> ?PR?_PCD_COMM?FM175XX

?PR?_TYPEB_GETUID?TYPE_B                   -----    -----      -----    -----      0614H    000DH
  +--> ?PR?_PCD_SETTIMER?FM175XX
  +--> ?PR?_PCD_COMM?FM175XX

?PR?_TYPEB_WUP?TYPE_B                      -----    -----      -----    -----      0614H    000FH
  +--> ?PR?_PCD_SETTIMER?FM175XX
  +--> ?PR?_PCD_COMM?FM175XX

?PR?_ULTRA_READ?ULTRALIGHT                 -----    -----      0021H    0005H      0614H    0004H
  +--> ?PR?_WRITE_REG?FM175XX
  +--> ?PR?_PCD_SETTIMER?FM175XX
  +--> ?PR?_PCD_COMM?FM175XX

?PR?_ULTRA_WRITE?ULTRALIGHT                -----    -----      0021H    000AH      -----    -----
  +--> ?PR?_PCD_SETTIMER?FM175XX
  +--> ?PR?_PCD_COMM?FM175XX

?PR?_TYPEF_POLLING?TYPE_F                  -----    -----      -----    -----      0614H    000FH
  +--> ?CO?TYPE_F
  +--> ?PR?_PCD_SETTIMER?FM175XX
  +--> ?PR?_PCD_COMM?FM175XX

?PR?_X_OR?MAIN                             -----    -----      -----    -----      061FH    0005H

?PR?_REM1_SECTOR?MAIN                      -----    -----      -----    -----      0614H    000DH
  +--> ?PR?_REM1?MAIN

?PR?_WRM1?MAIN                             -----    -----      -----    -----      0614H    0009H
  +--> ?PR?_SET_RF?FM175XX
  +--> ?PR?_PCD_CONFIGISOTYPE?FM175XX
  +--> ?PR?_TYPEA_CARDACTIVATE?TYPE_A
  +--> ?PR?_MIFARE_AUTH?MIFARE_CARD
  +--> ?PR?_MIFARE_BLOCKWRITE?MIFARE_CARD

?PR?_FM11_READFIFO?I2C                     -----    -----      -----    -----      -----    -----
  +--> ?PR?_FM11_READE2?I2C

?PR?_FM11_RFDATATX?I2C                     -----    -----      -----    -----      0614H    0005H
  +--> ?PR?_FM11_WRITEFIFO?I2C
  +--> ?PR?_FM11_READREG?I2C
  +--> ?PR?_FM11_WRITEREG?I2C

?PR?_FM11_WRITEFIFO?I2C                    -----    -----      -----    -----      -----    -----
  +--> ?PR?_SEE_WRITEPAGE?I2C

?PR?_SEE_WRITEPAGE?I2C                     -----    -----      -----    -----      0619H    0006H
  +--> ?PR?I2C_START?I2C
  +--> ?PR?_I2C_SENDBYTE?I2C
  +--> ?PR?I2C_WAITACK?I2C
  +--> ?PR?I2C_STOP?I2C

?PR?_UARTN?MAIN                            -----    -----      -----    -----      0614H    000BH
  +--> ?PR?_SEND_STRING1?UART
  +--> ?PR?_X_OR?MAIN
  +--> ?PR?_SEND_STRING2?UART
BL51 BANKED LINKER/LOCATER V6.22                                                      11/23/2018  16:09:22  PAGE 12


  +--> ?PR?_E2PROM?EEPROM
  +--> ?CO?MAIN



SYMBOL TABLE OF MODULE:  .\Output\À¶ÑÀ¿ªÏäÆ÷STC15 (UART)

  VALUE           TYPE          NAME
  ----------------------------------

  -------         MODULE        UART
  C:0000H         SYMBOL        _ICE_DUMMY_
  D:0080H         PUBLIC        P0
  D:0090H         PUBLIC        P1
  D:00A0H         PUBLIC        P2
  D:00B0H         PUBLIC        P3
  C:53CDH         PUBLIC        _Debug_Send_string1
  D:00C0H         PUBLIC        P4
  D:00C8H         PUBLIC        P5
  B:00A8H.7       PUBLIC        EA
  D:00E8H         PUBLIC        P6
  D:00F8H         PUBLIC        P7
  C:57EDH         PUBLIC        _Debug_Send_char1
  D:00BAH         PUBLIC        P_SW2
  D:00A8H         PUBLIC        IE
  B:0090H.7       PUBLIC        CON1
  B:00A8H.4       PUBLIC        ES
  D:00B8H         PUBLIC        IP
  B:0098H.1       PUBLIC        TI
  D:00D8H         PUBLIC        CCON
  X:037AH         PUBLIC        rece_buff
  D:0099H         PUBLIC        SBUF
  D:0087H         PUBLIC        PCON
  X:037FH         PUBLIC        send_buff
  D:0098H         PUBLIC        SCON
  D:0089H         PUBLIC        TMOD
  D:0088H         PUBLIC        TCON
  C:5409H         PUBLIC        _Send_string1
  C:5445H         PUBLIC        _Send_string2
  X:0384H         PUBLIC        uart_data
  C:54C9H         PUBLIC        _Send_char1
  C:54F7H         PUBLIC        _Send_char2
  D:00AFH         PUBLIC        IE2
  D:008EH         PUBLIC        AUXR
  C:5764H         PUBLIC        Uart1_Init
  C:000EH         PUBLIC        Uart2_Init
  D:0008H         PUBLIC        uart_status
  D:00E0H         PUBLIC        ACC
  B:00A8H.3       PUBLIC        ET1
  D:008DH         PUBLIC        TH1
  B:0098H.3       PUBLIC        TB8
  D:00D6H         PUBLIC        T2H
  B:00D0H.0       PUBLIC        P
  B:0098H.7       PUBLIC        SM0
  D:008BH         PUBLIC        TL1
  D:00D7H         PUBLIC        T2L
  B:0088H.6       PUBLIC        TR1
BL51 BANKED LINKER/LOCATER V6.22                                                      11/23/2018  16:09:22  PAGE 13


  D:009BH         PUBLIC        S2BUF
  D:009AH         PUBLIC        S2CON
  D:00D0H         PUBLIC        PSW
  -------         PROC          UART1_INIT
  C:5764H         LINE#         25
  C:5764H         LINE#         26
  C:5764H         LINE#         27
  C:5767H         LINE#         28
  C:576AH         LINE#         29
  C:576DH         LINE#         30
  C:5770H         LINE#         31
  C:5773H         LINE#         33
  C:5776H         LINE#         34
  C:5779H         LINE#         36
  C:577BH         LINE#         37
  C:577DH         LINE#         43
  C:577FH         LINE#         44
  C:5781H         LINE#         45
  -------         ENDPROC       UART1_INIT
  -------         PROC          L?0038
  -------         ENDPROC       L?0038
  -------         PROC          _DEBUG_SEND_CHAR1
  X:0647H         SYMBOL        Data
  C:57EDH         LINE#         47
  C:57F2H         LINE#         48
  C:57F2H         LINE#         65
  -------         ENDPROC       _DEBUG_SEND_CHAR1
  -------         PROC          _DEBUG_SEND_STRING1
  X:0644H         SYMBOL        pz
  D:0004H         SYMBOL        Len
  C:53CDH         LINE#         66
  C:53D8H         LINE#         67
  C:53D8H         LINE#         68
  C:53DCH         LINE#         69
  C:53ECH         LINE#         70
  C:53ECH         LINE#         71
  C:53EFH         LINE#         72
  C:53F4H         LINE#         73
  C:53F7H         LINE#         74
  C:53F9H         LINE#         76
  C:5403H         LINE#         77
  C:5408H         LINE#         78
  -------         ENDPROC       _DEBUG_SEND_STRING1
  -------         PROC          L?0039
  -------         ENDPROC       L?0039
  -------         PROC          _SEND_CHAR1
  D:0007H         SYMBOL        Data
  C:54C9H         LINE#         80
  C:54C9H         LINE#         81
  C:54C9H         LINE#         82
  C:54CBH         LINE#         83
  C:54CDH         LINE#         84
  C:54CFH         LINE#         86
  C:54D2H         LINE#         87
  C:54D2H         LINE#         88
  C:54D3H         LINE#         89
  C:54D7H         LINE#         90
BL51 BANKED LINKER/LOCATER V6.22                                                      11/23/2018  16:09:22  PAGE 14


  C:54D7H         LINE#         92
  C:54D9H         LINE#         93
  C:54DCH         LINE#         94
  C:54DEH         LINE#         95
  C:54E0H         LINE#         96
  C:54E2H         LINE#         97
  -------         ENDPROC       _SEND_CHAR1
  -------         PROC          _SEND_STRING1
  X:0626H         SYMBOL        pz
  D:0004H         SYMBOL        Len
  C:5409H         LINE#         98
  C:5414H         LINE#         99
  C:5414H         LINE#         100
  C:5418H         LINE#         101
  C:5428H         LINE#         102
  C:5428H         LINE#         103
  C:542BH         LINE#         104
  C:5430H         LINE#         105
  C:5433H         LINE#         106
  C:5435H         LINE#         108
  C:543FH         LINE#         109
  C:5444H         LINE#         110
  -------         ENDPROC       _SEND_STRING1
  -------         PROC          L?0040
  -------         ENDPROC       L?0040
  -------         PROC          _SEND_CHAR2
  D:0007H         SYMBOL        Data
  C:54F7H         LINE#         112
  C:54F7H         LINE#         113
  C:54F7H         LINE#         114
  C:54FAH         LINE#         115
  C:54FDH         LINE#         116
  C:54FFH         LINE#         117
  C:5504H         LINE#         118
  C:5507H         LINE#         119
  C:550AH         LINE#         120
  -------         ENDPROC       _SEND_CHAR2
  -------         PROC          _SEND_STRING2
  X:0626H         SYMBOL        pz
  D:0004H         SYMBOL        Len
  C:5445H         LINE#         121
  C:5450H         LINE#         122
  C:5450H         LINE#         123
  C:5454H         LINE#         124
  C:5464H         LINE#         125
  C:5464H         LINE#         126
  C:5467H         LINE#         127
  C:546CH         LINE#         128
  C:546FH         LINE#         129
  C:5471H         LINE#         131
  C:547BH         LINE#         132
  C:5480H         LINE#         133
  -------         ENDPROC       _SEND_STRING2
  -------         PROC          UART2_INIT
  C:000EH         LINE#         134
  C:000EH         LINE#         135
  C:000EH         LINE#         136
BL51 BANKED LINKER/LOCATER V6.22                                                      11/23/2018  16:09:22  PAGE 15


  C:0011H         LINE#         140
  C:0014H         LINE#         147
  C:0017H         LINE#         148
  C:001AH         LINE#         149
  C:001DH         LINE#         150
  C:0020H         LINE#         151
  C:0022H         LINE#         152
  -------         ENDPROC       UART2_INIT
  -------         ENDMOD        UART

  -------         MODULE        MAIN
  C:0000H         SYMBOL        _ICE_DUMMY_
  D:0092H         PUBLIC        P1M0
  D:0096H         PUBLIC        P2M0
  D:0091H         PUBLIC        P1M1
  D:0080H         PUBLIC        P0
  D:00B2H         PUBLIC        P3M0
  D:0095H         PUBLIC        P2M1
  D:0090H         PUBLIC        P1
  D:00B4H         PUBLIC        P4M0
  D:00B1H         PUBLIC        P3M1
  D:00A0H         PUBLIC        P2
  C:4F2FH         PUBLIC        uart1_inte
  D:00B3H         PUBLIC        P4M1
  D:00B0H         PUBLIC        P3
  C:4DD2H         PUBLIC        uart2_inte
  D:00C0H         PUBLIC        P4
  D:00C8H         PUBLIC        P5
  B:00A8H.7       PUBLIC        EA
  D:00E8H         PUBLIC        P6
  C:0046H         PUBLIC        Main
  X:0000H         PUBLIC        receive_number1
  D:00F8H         PUBLIC        P7
  X:0002H         PUBLIC        receive_number2
  C:3E80H         PUBLIC        _wrm1
  X:0004H         PUBLIC        mdata
  B:0080H.4       PUBLIC        AT_BT
  D:00A8H         PUBLIC        IE
  C:588EH         PUBLIC        rest_FM17xx
  B:0090H.7       PUBLIC        CON1
  X:0105H         PUBLIC        receive_data1
  X:01CDH         PUBLIC        receive_data2
  B:00A8H.4       PUBLIC        ES
  D:00B8H         PUBLIC        IP
  C:4C8FH         PUBLIC        _X_or
  X:0295H         PUBLIC        S_LSH
  B:0098H.0       PUBLIC        RI
  C:25D4H         PUBLIC        _UART_
  B:0098H.1       PUBLIC        TI
  X:0296H         PUBLIC        SN
  X:0297H         PUBLIC        Time0_
  C:5582H         PUBLIC        Variable_Init
  B:0020H.0       PUBLIC        _1a_flag_11xx
  D:00D8H         PUBLIC        CCON
  X:0298H         PUBLIC        Hex
  X:02A9H         PUBLIC        mima
  B:0020H.1       PUBLIC        _1a_flag_17xx
BL51 BANKED LINKER/LOCATER V6.22                                                      11/23/2018  16:09:22  PAGE 16


  X:02AFH         PUBLIC        rxbuf
  X:02D0H         PUBLIC        S_Madd
  X:02D1H         PUBLIC        R_ACC1
  C:1950H         PUBLIC        _UARTn
  X:02D3H         PUBLIC        R_ACC2
  C:56E6H         PUBLIC        Io_Init
  D:0099H         PUBLIC        SBUF
  B:0090H.2       PUBLIC        P12
  B:0080H.5       PUBLIC        STAT_BT
  D:0098H         PUBLIC        SCON
  X:02D5H         PUBLIC        UART1_rs
  D:0089H         PUBLIC        TMOD
  D:0088H         PUBLIC        TCON
  X:02DEH         PUBLIC        UART2_rs
  B:00B0H.3       PUBLIC        P33
  X:02E7H         PUBLIC        S_Yadd
  B:00B0H.4       PUBLIC        P34
  B:0020H.2       PUBLIC        GPRS_flag
  D:00AFH         PUBLIC        IE2
  D:008EH         PUBLIC        AUXR
  C:5190H         SYMBOL        _?ix1000
  C:58CDH         PUBLIC        fmq
  X:02E8H         PUBLIC        User_type
  B:00A8H.1       PUBLIC        ET0
  B:0088H.5       PUBLIC        TF0
  C:5850H         PUBLIC        Timer0Init
  D:008CH         PUBLIC        TH0
  X:02E9H         PUBLIC        C_add
  C:5389H         PUBLIC        _Delay_100us
  D:008AH         PUBLIC        TL0
  X:02EAH         PUBLIC        go_flag
  I:000CH         PUBLIC        MCU_ID
  B:00A0H.5       PUBLIC        LED
  D:00C7H         PUBLIC        ISP_CONTR
  B:0088H.4       PUBLIC        TR0
  X:02EBH         PUBLIC        mima2
  D:00C1H         PUBLIC        WDT_CONTR
  X:02F1H         PUBLIC        ovt
  X:02F2H         PUBLIC        OPEN_EN_11xx
  C:3AC8H         PUBLIC        time0
  X:02F3H         PUBLIC        OPEN_EN_17xx
  D:009BH         PUBLIC        S2BUF
  D:009AH         PUBLIC        S2CON
  D:00C2H         PUBLIC        ISP_DATA
  C:34DEH         PUBLIC        _rem1_sector
  X:02F4H         PUBLIC        ty
  B:0020H.3       PUBLIC        _1a_flag
  C:55AFH         PUBLIC        _Delay
  X:0358H         PUBLIC        ICC_type
  X:0359H         PUBLIC        open_box_cmd
  B:00D0H.5       PUBLIC        F0
  C:3F4BH         PUBLIC        _rem1
  B:00B0H.7       PUBLIC        FMCSN
  D:00D0H         PUBLIC        PSW
  C:55A8H         SYMBOL        L?0306
  -------         PROC          L?0305
  -------         ENDPROC       L?0305
BL51 BANKED LINKER/LOCATER V6.22                                                      11/23/2018  16:09:22  PAGE 17


  C:55A8H         SYMBOL        L?0306
  -------         PROC          _DELAY
  D:0006H         SYMBOL        t
  -------         DO            
  D:0006H         SYMBOL        x
  D:0004H         SYMBOL        y
  -------         ENDDO         
  C:55AFH         LINE#         74
  C:55AFH         LINE#         75
  C:55AFH         LINE#         77
  C:55B8H         LINE#         78
  C:55CCH         LINE#         79
  -------         ENDPROC       _DELAY
  -------         PROC          L?0303
  -------         ENDPROC       L?0303
  -------         PROC          _WRM1
  X:0614H         SYMBOL        key
  X:0615H         SYMBOL        miyao
  X:0618H         SYMBOL        bank
  X:0619H         SYMBOL        sector
  X:061AH         SYMBOL        sj
  C:3E80H         LINE#         81
  C:3E8EH         LINE#         86
  C:3E8EH         LINE#         87
  C:3EA0H         LINE#         88
  C:3EA3H         LINE#         89
  C:3EAFH         LINE#         90
  C:3EB4H         LINE#         91
  C:3EB9H         LINE#         93
  C:3ED1H         LINE#         95
  C:3EE1H         LINE#         96
  C:3EE1H         LINE#         97
  C:3F0AH         LINE#         98
  C:3F0AH         LINE#         99
  C:3F20H         LINE#         100
  C:3F20H         LINE#         101
  C:3F24H         LINE#         102
  C:3F27H         LINE#         103
  C:3F27H         LINE#         108
  C:3F27H         LINE#         109
  C:3F27H         LINE#         111
  C:3F27H         LINE#         112
  C:3F27H         LINE#         113
  C:3F29H         LINE#         114
  C:3F29H         LINE#         115
  C:3F29H         LINE#         117
  C:3F29H         LINE#         118
  C:3F2EH         LINE#         120
  C:3F30H         LINE#         121
  C:3F30H         LINE#         122
  -------         ENDPROC       _WRM1
  -------         PROC          L?0304
  -------         ENDPROC       L?0304
  -------         PROC          _REM1
  X:0621H         SYMBOL        key
  X:0622H         SYMBOL        miyao
  X:0625H         SYMBOL        bank
BL51 BANKED LINKER/LOCATER V6.22                                                      11/23/2018  16:09:22  PAGE 18


  X:0626H         SYMBOL        sector
  X:0627H         SYMBOL        js
  C:3F4BH         LINE#         124
  C:3F59H         LINE#         125
  C:3F59H         LINE#         126
  C:3F6BH         LINE#         127
  C:3F6EH         LINE#         128
  C:3F7AH         LINE#         129
  C:3F7FH         LINE#         130
  C:3F84H         LINE#         131
  C:3F9CH         LINE#         132
  C:3FACH         LINE#         133
  C:3FACH         LINE#         134
  C:3FD5H         LINE#         135
  C:3FD5H         LINE#         136
  C:3FEBH         LINE#         137
  C:3FEBH         LINE#         138
  C:3FEFH         LINE#         139
  C:3FF2H         LINE#         140
  C:3FF2H         LINE#         145
  C:3FF2H         LINE#         146
  C:3FF2H         LINE#         148
  C:3FF2H         LINE#         149
  C:3FF2H         LINE#         150
  C:3FF4H         LINE#         151
  C:3FF4H         LINE#         152
  C:3FF4H         LINE#         154
  C:3FF4H         LINE#         155
  C:3FF9H         LINE#         156
  C:3FFBH         LINE#         157
  C:3FFBH         LINE#         158
  -------         ENDPROC       _REM1
  -------         PROC          _REM1_SECTOR
  X:0614H         SYMBOL        key
  X:0615H         SYMBOL        miyao
  X:0618H         SYMBOL        bank
  X:0619H         SYMBOL        sector
  X:061AH         SYMBOL        js
  X:061DH         SYMBOL        Len
  -------         DO            
  X:061FH         SYMBOL        i
  -------         ENDDO         
  C:34DEH         LINE#         159
  C:34ECH         LINE#         160
  C:34ECH         LINE#         162
  C:3515H         LINE#         163
  C:3515H         LINE#         164
  C:3584H         LINE#         165
  C:3584H         LINE#         166
  C:3584H         LINE#         167
  C:3584H         LINE#         168
  C:3598H         LINE#         169
  C:35B8H         LINE#         170
  C:35B8H         LINE#         171
  C:35BDH         LINE#         172
  C:35BDH         LINE#         173
  C:3629H         LINE#         174
BL51 BANKED LINKER/LOCATER V6.22                                                      11/23/2018  16:09:22  PAGE 19


  C:3629H         LINE#         175
  C:362CH         LINE#         176
  C:362CH         LINE#         178
  C:362CH         LINE#         179
  C:362EH         LINE#         180
  C:362EH         LINE#         181
  -------         ENDPROC       _REM1_SECTOR
  -------         PROC          _UART_
  X:0590H         SYMBOL        receive_data
  X:0593H         SYMBOL        buf
  X:0596H         SYMBOL        uartx
  -------         DO            
  X:0597H         SYMBOL        Data
  X:0598H         SYMBOL        receive_number
  X:059AH         SYMBOL        R_ACC
  C:268DH         SYMBOL        start_uart
  -------         ENDDO         
  C:25D4H         LINE#         182
  C:25DFH         LINE#         183
  C:25DFH         LINE#         186
  C:25EDH         LINE#         187
  C:25EDH         LINE#         189
  C:25EDH         LINE#         190
  C:25F3H         LINE#         191
  C:2602H         LINE#         192
  C:2611H         LINE#         194
  C:2613H         LINE#         198
  C:2613H         LINE#         199
  C:2619H         LINE#         200
  C:2628H         LINE#         201
  C:2637H         LINE#         204
  C:263AH         LINE#         205
  C:263AH         LINE#         206
  C:265DH         LINE#         207
  C:266CH         LINE#         208
  C:267FH         LINE#         209
  C:2686H         LINE#         210
  C:268DH         LINE#         212
  C:268DH         LINE#         214
  C:268DH         LINE#         233
  C:268DH         LINE#         234
  C:268DH         LINE#         236
  C:268DH         LINE#         237
  C:26ADH         LINE#         238
  C:26DEH         LINE#         239
  C:26F1H         LINE#         240
  C:2718H         LINE#         241
  C:2726H         LINE#         243
  C:2732H         LINE#         244
  C:2732H         LINE#         245
  C:2750H         LINE#         246
  C:2768H         LINE#         247
  C:277AH         LINE#         248
  C:2782H         LINE#         249
  C:2789H         LINE#         250
  C:2790H         LINE#         251
  C:2795H         LINE#         252
BL51 BANKED LINKER/LOCATER V6.22                                                      11/23/2018  16:09:22  PAGE 20


  C:2795H         LINE#         253
  C:2797H         LINE#         254
  C:27ACH         LINE#         255
  C:27ACH         LINE#         256
  C:27ACH         LINE#         257
  C:27B9H         LINE#         258
  C:27B9H         LINE#         259
  C:27D3H         LINE#         260
  C:27D3H         LINE#         261
  C:27E3H         LINE#         262
  C:27E6H         LINE#         264
  C:27E6H         LINE#         265
  C:27EDH         LINE#         266
  C:27F0H         LINE#         267
  C:27F0H         LINE#         268
  C:27F0H         LINE#         269
  C:2808H         LINE#         270
  C:2808H         LINE#         307
  C:2814H         LINE#         308
  C:2814H         LINE#         309
  C:284AH         LINE#         310
  C:284AH         LINE#         311
  C:285CH         LINE#         312
  C:285CH         LINE#         313
  C:2861H         LINE#         314
  C:2863H         LINE#         316
  C:2863H         LINE#         317
  C:288BH         LINE#         318
  C:289DH         LINE#         319
  C:289DH         LINE#         320
  C:28AFH         LINE#         321
  C:28B6H         LINE#         322
  C:28B9H         LINE#         323
  C:28BBH         LINE#         325
  C:28BBH         LINE#         326
  C:28CDH         LINE#         327
  C:28CDH         LINE#         328
  C:28CDH         LINE#         329
  C:28CFH         LINE#         331
  C:28CFH         LINE#         332
  C:28D6H         LINE#         333
  C:28D6H         LINE#         335
  C:28E1H         LINE#         336
  C:28E1H         LINE#         338
  C:28E1H         LINE#         339
  C:28F5H         LINE#         340
  C:28F7H         LINE#         341
  C:2906H         LINE#         342
  C:2910H         LINE#         343
  C:2912H         LINE#         347
  C:2912H         LINE#         348
  C:2926H         LINE#         349
  C:2929H         LINE#         350
  C:2938H         LINE#         351
  C:2947H         LINE#         352
  C:2947H         LINE#         373
  C:2947H         LINE#         374
BL51 BANKED LINKER/LOCATER V6.22                                                      11/23/2018  16:09:22  PAGE 21


  C:2947H         LINE#         375
  -------         ENDPROC       _UART_
  -------         PROC          UART1_INTE
  C:4F2FH         LINE#         377
  C:4F4CH         LINE#         379
  C:4F4FH         LINE#         380
  C:4F51H         LINE#         381
  C:4F54H         LINE#         382
  C:4F54H         LINE#         383
  C:4F56H         LINE#         384
  C:4F65H         LINE#         385
  C:4F69H         LINE#         386
  C:4F83H         LINE#         387
  C:4F83H         LINE#         388
  -------         ENDPROC       UART1_INTE
  -------         PROC          UART2_INTE
  C:4DD2H         LINE#         390
  C:4DEFH         LINE#         392
  C:4DF4H         LINE#         393
  C:4DF4H         LINE#         394
  C:4DF7H         LINE#         397
  C:4E06H         LINE#         398
  C:4E0AH         LINE#         399
  C:4E25H         LINE#         400
  C:4E25H         LINE#         401
  C:4E2AH         LINE#         402
  C:4E2AH         LINE#         403
  C:4E2DH         LINE#         404
  C:4E2DH         LINE#         405
  -------         ENDPROC       UART2_INTE
  -------         PROC          FMQ
  C:58CDH         LINE#         407
  C:58CDH         LINE#         408
  C:58CDH         LINE#         409
  C:58CFH         LINE#         410
  C:58D6H         LINE#         411
  C:58D8H         LINE#         412
  -------         ENDPROC       FMQ
  -------         PROC          TIMER0INIT
  C:5850H         LINE#         414
  C:5850H         LINE#         415
  C:5850H         LINE#         416
  C:5853H         LINE#         417
  C:5856H         LINE#         418
  C:5859H         LINE#         419
  C:585CH         LINE#         420
  C:585EH         LINE#         421
  C:5860H         LINE#         422
  C:5862H         LINE#         423
  C:5864H         LINE#         424
  -------         ENDPROC       TIMER0INIT
  -------         PROC          TIME0
  C:3AC8H         LINE#         425
  C:3AE5H         LINE#         427
  C:3AEBH         LINE#         429
  C:3AF1H         LINE#         430
  C:3AF1H         LINE#         431
BL51 BANKED LINKER/LOCATER V6.22                                                      11/23/2018  16:09:22  PAGE 22


  C:3AF7H         LINE#         432
  C:3AFDH         LINE#         433
  C:3AFDH         LINE#         434
  C:3B0EH         LINE#         435
  C:3B13H         LINE#         436
  C:3B15H         LINE#         437
  C:3B1BH         LINE#         438
  C:3B1FH         LINE#         439
  C:3B24H         LINE#         440
  C:3B24H         LINE#         441
  C:3B24H         LINE#         442
  C:3B2AH         LINE#         443
  C:3B2AH         LINE#         444
  C:3B30H         LINE#         445
  C:3B36H         LINE#         446
  C:3B36H         LINE#         447
  C:3B47H         LINE#         448
  C:3B4CH         LINE#         449
  C:3B4EH         LINE#         450
  C:3B54H         LINE#         451
  C:3B58H         LINE#         452
  C:3B5DH         LINE#         453
  C:3B5DH         LINE#         454
  C:3B5DH         LINE#         456
  C:3B60H         LINE#         457
  C:3B60H         LINE#         458
  C:3B62H         LINE#         459
  C:3B64H         LINE#         461
  C:3B64H         LINE#         462
  C:3B66H         LINE#         463
  C:3B6DH         LINE#         464
  C:3B6FH         LINE#         465
  C:3B76H         LINE#         466
  C:3B78H         LINE#         467
  C:3B78H         LINE#         469
  C:3B85H         LINE#         470
  C:3B85H         LINE#         471
  C:3B87H         LINE#         472
  C:3B87H         LINE#         474
  C:3B8DH         LINE#         475
  C:3B92H         LINE#         477
  C:3B98H         LINE#         478
  C:3B9EH         LINE#         479
  C:3BA0H         LINE#         480
  -------         ENDPROC       TIME0
  C:4C3DH         SYMBOL        L?0302
  -------         PROC          L?0301
  -------         ENDPROC       L?0301
  C:4C3DH         SYMBOL        L?0302
  -------         PROC          _X_OR
  X:061FH         SYMBOL        pz
  X:0622H         SYMBOL        Len
  -------         DO            
  D:0007H         SYMBOL        uXor
  -------         ENDDO         
  C:4C8FH         LINE#         481
  C:4CA0H         LINE#         482
BL51 BANKED LINKER/LOCATER V6.22                                                      11/23/2018  16:09:22  PAGE 23


  C:4CA0H         LINE#         483
  C:4CA2H         LINE#         484
  C:4CB0H         LINE#         485
  C:4CB0H         LINE#         486
  C:4CC5H         LINE#         487
  C:4CC7H         LINE#         488
  C:4CC7H         LINE#         489
  -------         ENDPROC       _X_OR
  -------         PROC          _UARTN
  X:0614H         SYMBOL        r_data
  D:0005H         SYMBOL        BJXY
  X:0618H         SYMBOL        uartx
  -------         DO            
  X:0619H         SYMBOL        i
  X:061BH         SYMBOL        j
  D:0007H         SYMBOL        m
  X:061DH         SYMBOL        n
  X:061EH         SYMBOL        r_Hadd
  -------         ENDDO         
  C:1950H         LINE#         490
  C:195BH         LINE#         491
  C:195BH         LINE#         495
  C:1965H         LINE#         496
  C:1967H         LINE#         497
  C:196FH         LINE#         498
  C:196FH         LINE#         499
  C:1977H         LINE#         500
  C:197FH         LINE#         501
  C:197FH         LINE#         502
  C:19AEH         LINE#         503
  C:19AEH         LINE#         504
  C:19DAH         LINE#         505
  C:19DAH         LINE#         506
  C:19DAH         LINE#         507
  C:19DAH         LINE#         508
  C:1A15H         LINE#         509
  C:1A51H         LINE#         511
  C:1A65H         LINE#         512
  C:1A8BH         LINE#         513
  C:1A8BH         LINE#         514
  C:1B02H         LINE#         515
  C:1B04H         LINE#         516
  C:1B04H         LINE#         517
  C:1B28H         LINE#         518
  C:1B2DH         LINE#         519
  C:1B2DH         LINE#         520
  C:1B47H         LINE#         521
  C:1B82H         LINE#         522
  C:1BE6H         LINE#         524
  C:1BF1H         LINE#         525
  C:1BF1H         LINE#         527
  C:1BF1H         LINE#         528
  C:1BF4H         LINE#         529
  C:1BF6H         LINE#         533
  C:1BF6H         LINE#         534
  C:1BFCH         LINE#         535
  C:1BFEH         LINE#         550
BL51 BANKED LINKER/LOCATER V6.22                                                      11/23/2018  16:09:22  PAGE 24


  C:1C01H         LINE#         551
  C:1C01H         LINE#         552
  C:1C24H         LINE#         553
  C:1C24H         LINE#         554
  C:1C2BH         LINE#         555
  C:1C33H         LINE#         556
  C:1C3BH         LINE#         557
  C:1C52H         LINE#         558
  C:1C73H         LINE#         559
  C:1C87H         LINE#         560
  C:1C92H         LINE#         561
  C:1C92H         LINE#         563
  C:1C92H         LINE#         564
  C:1CA8H         LINE#         565
  C:1CAAH         LINE#         569
  C:1CAAH         LINE#         570
  C:1CC0H         LINE#         571
  C:1CC2H         LINE#         586
  C:1CC5H         LINE#         587
  C:1CC5H         LINE#         588
  C:1CC8H         LINE#         589
  C:1CC8H         LINE#         590
  C:1CC8H         LINE#         591
  C:1CC8H         LINE#         593
  C:1CC8H         LINE#         594
  C:1CC8H         LINE#         601
  C:1D7CH         LINE#         613
  C:1D7CH         LINE#         614
  C:1D87H         LINE#         615
  C:1D87H         LINE#         617
  C:1D87H         LINE#         618
  C:1D8DH         LINE#         619
  C:1D8FH         LINE#         623
  C:1D8FH         LINE#         624
  C:1D95H         LINE#         625
  C:1D97H         LINE#         626
  C:1D99H         LINE#         641
  C:1D9CH         LINE#         642
  C:1D9CH         LINE#         643
  C:1D9CH         LINE#         644
  C:1D9FH         LINE#         646
  C:1D9FH         LINE#         647
  C:1D9FH         LINE#         649
  C:1D9FH         LINE#         650
  C:1D9FH         LINE#         653
  C:1DB3H         LINE#         654
  C:1DB3H         LINE#         655
  C:1DE2H         LINE#         656
  C:1DE7H         LINE#         658
  C:1DE9H         LINE#         659
  C:1DECH         LINE#         663
  C:1DF4H         LINE#         664
  C:1DF4H         LINE#         665
  C:1DFBH         LINE#         666
  C:1E34H         LINE#         667
  C:1E34H         LINE#         668
  C:1E56H         LINE#         669
BL51 BANKED LINKER/LOCATER V6.22                                                      11/23/2018  16:09:22  PAGE 25


  C:1E63H         LINE#         670
  C:1E73H         LINE#         671
  C:1E76H         LINE#         672
  C:1E83H         LINE#         673
  C:1E83H         LINE#         674
  C:1E83H         LINE#         675
  C:1E86H         LINE#         677
  C:1E86H         LINE#         678
  C:1E86H         LINE#         679
  C:1E9CH         LINE#         680
  C:1E9CH         LINE#         691
  C:1EA5H         LINE#         692
  C:1EA5H         LINE#         693
  C:1EA8H         LINE#         694
  C:1EA8H         LINE#         695
  C:1EAAH         LINE#         696
  C:1EAFH         LINE#         697
  C:1EAFH         LINE#         698
  C:1EB5H         LINE#         699
  C:1EB5H         LINE#         700
  C:1EB7H         LINE#         701
  C:1EBCH         LINE#         702
  C:1EBCH         LINE#         703
  C:1EBFH         LINE#         705
  C:1EBFH         LINE#         706
  C:1EC4H         LINE#         707
  C:1EC8H         LINE#         708
  C:1EC8H         LINE#         709
  C:1ECBH         LINE#         710
  C:1ED3H         LINE#         711
  C:1ED3H         LINE#         716
  C:1EDDH         LINE#         717
  C:1EDFH         LINE#         718
  C:1EE7H         LINE#         719
  C:1EEFH         LINE#         720
  C:1EFAH         LINE#         721
  C:1EFAH         LINE#         722
  C:1EFAH         LINE#         723
  C:1EFCH         LINE#         725
  C:1EFCH         LINE#         726
  C:1EFCH         LINE#         727
  C:1F1BH         LINE#         728
  C:1F42H         LINE#         729
  C:1F56H         LINE#         730
  C:1F56H         LINE#         731
  C:1F56H         LINE#         732
  C:1F56H         LINE#         733
  C:1F86H         LINE#         734
  C:1F86H         LINE#         735
  C:1F9DH         LINE#         736
  C:1FA7H         LINE#         737
  C:1FAFH         LINE#         738
  C:1FC6H         LINE#         739
  C:1FE7H         LINE#         740
  C:1FFBH         LINE#         741
  C:2006H         LINE#         742
  C:2006H         LINE#         744
BL51 BANKED LINKER/LOCATER V6.22                                                      11/23/2018  16:09:22  PAGE 26


  C:2006H         LINE#         745
  C:201CH         LINE#         746
  C:201EH         LINE#         750
  C:201EH         LINE#         751
  C:2034H         LINE#         752
  C:204AH         LINE#         753
  C:204CH         LINE#         768
  C:204FH         LINE#         769
  C:204FH         LINE#         771
  C:2052H         LINE#         772
  C:2052H         LINE#         773
  C:2057H         LINE#         774
  C:2060H         LINE#         775
  C:2063H         LINE#         776
  C:2063H         LINE#         778
  C:207FH         LINE#         779
  C:207FH         LINE#         781
  C:207FH         LINE#         782
  C:208FH         LINE#         783
  C:20A9H         LINE#         785
  C:20ACH         LINE#         786
  C:20ACH         LINE#         787
  C:20ACH         LINE#         789
  C:20ACH         LINE#         790
  C:20AEH         LINE#         791
  C:20AEH         LINE#         792
  -------         ENDPROC       _UARTN
  -------         PROC          REST_FM17XX
  C:588EH         LINE#         793
  C:588EH         LINE#         794
  C:588EH         LINE#         795
  C:5890H         LINE#         796
  C:5897H         LINE#         797
  C:5899H         LINE#         798
  -------         ENDPROC       REST_FM17XX
  -------         PROC          MAIN
  -------         DO            
  X:059FH         SYMBOL        i
  X:05A1H         SYMBOL        j
  X:05A3H         SYMBOL        ipt
  X:05A4H         SYMBOL        cpt
  B:0020H.4       SYMBOL        FM17xx
  B:0020H.5       SYMBOL        FM11xx
  X:05A6H         SYMBOL        FM17_Err
  X:05A7H         SYMBOL        FM17_Err2
  X:05A8H         SYMBOL        FM11_Err
  X:05A9H         SYMBOL        Send_buf
  X:060DH         SYMBOL        open_box_old_cmd
  C:0B0AH         SYMBOL        FM11_LOOP
  -------         ENDDO         
  C:0046H         LINE#         800
  C:0046H         LINE#         801
  C:0046H         LINE#         803
  C:004CH         LINE#         804
  C:0054H         LINE#         805
  C:0056H         LINE#         806
  C:0058H         LINE#         807
BL51 BANKED LINKER/LOCATER V6.22                                                      11/23/2018  16:09:22  PAGE 27


  C:005BH         LINE#         808
  C:005DH         LINE#         809
  C:005FH         LINE#         811
  C:0071H         LINE#         813
  C:0074H         LINE#         816
  C:0077H         LINE#         817
  C:007AH         LINE#         818
  C:007DH         LINE#         819
  C:0080H         LINE#         820
  C:0083H         LINE#         822
  C:0086H         LINE#         829
  C:0092H         LINE#         830
  C:009EH         LINE#         832
  C:00B5H         LINE#         833
  C:00B5H         LINE#         834
  C:00D1H         LINE#         835
  C:00F0H         LINE#         836
  C:0104H         LINE#         837
  C:0114H         LINE#         838
  C:0119H         LINE#         839
  C:011EH         LINE#         840
  C:0135H         LINE#         841
  C:0135H         LINE#         842
  C:015AH         LINE#         843
  C:0184H         LINE#         844
  C:0194H         LINE#         845
  C:0199H         LINE#         846
  C:019EH         LINE#         848
  C:01B5H         LINE#         849
  C:01B5H         LINE#         850
  C:01BAH         LINE#         851
  C:01BEH         LINE#         852
  C:01BEH         LINE#         853
  C:01C0H         LINE#         854
  C:01C0H         LINE#         855
  C:01C5H         LINE#         856
  C:01C5H         LINE#         857
  C:01EAH         LINE#         858
  C:01EAH         LINE#         859
  C:01FCH         LINE#         860
  C:020CH         LINE#         861
  C:020CH         LINE#         862
  C:020CH         LINE#         864
  C:020CH         LINE#         865
  C:021FH         LINE#         866
  C:021FH         LINE#         867
  C:0230H         LINE#         868
  C:023CH         LINE#         869
  C:0248H         LINE#         870
  C:024DH         LINE#         871
  C:0252H         LINE#         873
  C:0255H         LINE#         874
  C:025CH         LINE#         877
  C:025EH         LINE#         878
  C:0265H         LINE#         879
  C:0267H         LINE#         880
  C:026EH         LINE#         891
BL51 BANKED LINKER/LOCATER V6.22                                                      11/23/2018  16:09:22  PAGE 28


  C:0271H         LINE#         892
  C:0274H         LINE#         893
  C:027BH         LINE#         894
  C:027EH         LINE#         895
  C:0281H         LINE#         896
  C:0288H         LINE#         897
  C:028FH         LINE#         898
  C:0292H         LINE#         925
  C:0295H         LINE#         926
  C:0295H         LINE#         927
  C:0295H         LINE#         928
  C:0298H         LINE#         929
  C:0298H         LINE#         1036
  C:0298H         LINE#         1037
  C:0298H         LINE#         1051
  C:02A1H         LINE#         1052
  C:02A1H         LINE#         1054
  C:02A6H         LINE#         1055
  C:02AFH         LINE#         1056
  C:02AFH         LINE#         1057
  C:02B3H         LINE#         1058
  C:02BEH         LINE#         1065
  C:031DH         LINE#         1071
  C:031DH         LINE#         1072
  C:0322H         LINE#         1073
  C:0322H         LINE#         1074
  C:0322H         LINE#         1075
  C:0325H         LINE#         1076
  C:036CH         LINE#         1081
  C:036CH         LINE#         1082
  C:0371H         LINE#         1083
  C:0371H         LINE#         1084
  C:0371H         LINE#         1085
  C:0373H         LINE#         1086
  C:03C6H         LINE#         1092
  C:03C6H         LINE#         1093
  C:03CCH         LINE#         1094
  C:03CCH         LINE#         1095
  C:03CCH         LINE#         1096
  C:03CFH         LINE#         1097
  C:0409H         LINE#         1102
  C:0409H         LINE#         1103
  C:040FH         LINE#         1106
  C:0412H         LINE#         1107
  C:044CH         LINE#         1112
  C:044CH         LINE#         1113
  C:0452H         LINE#         1116
  C:0455H         LINE#         1117
  C:04D5H         LINE#         1123
  C:04D5H         LINE#         1124
  C:04DBH         LINE#         1126
  C:04E2H         LINE#         1127
  C:0513H         LINE#         1128
  C:0545H         LINE#         1129
  C:055EH         LINE#         1130
  C:057DH         LINE#         1131
  C:0591H         LINE#         1132
BL51 BANKED LINKER/LOCATER V6.22                                                      11/23/2018  16:09:22  PAGE 29


  C:059FH         LINE#         1134
  C:05B5H         LINE#         1135
  C:05C3H         LINE#         1136
  C:05CAH         LINE#         1137
  C:05CAH         LINE#         1138
  C:05E3H         LINE#         1139
  C:05FDH         LINE#         1140
  C:05FDH         LINE#         1142
  C:05FDH         LINE#         1143
  C:0618H         LINE#         1144
  C:0631H         LINE#         1146
  C:0642H         LINE#         1147
  C:0653H         LINE#         1149
  C:0655H         LINE#         1150
  C:065AH         LINE#         1152
  C:065FH         LINE#         1153
  C:0663H         LINE#         1154
  C:0663H         LINE#         1155
  C:0666H         LINE#         1156
  C:0666H         LINE#         1157
  C:0669H         LINE#         1158
  C:066BH         LINE#         1160
  C:066BH         LINE#         1161
  C:0670H         LINE#         1162
  C:0673H         LINE#         1163
  C:0673H         LINE#         1164
  C:067FH         LINE#         1165
  C:06AEH         LINE#         1166
  C:06B8H         LINE#         1167
  C:06B8H         LINE#         1168
  C:06BAH         LINE#         1170
  C:06BAH         LINE#         1172
  C:06C0H         LINE#         1173
  C:06C6H         LINE#         1174
  C:06C6H         LINE#         1176
  C:06C8H         LINE#         1177
  C:06CCH         LINE#         1178
  C:06CCH         LINE#         1179
  C:06CCH         LINE#         1180
  C:071BH         LINE#         1182
  C:071BH         LINE#         1184
  C:071FH         LINE#         1185
  C:0735H         LINE#         1186
  C:0735H         LINE#         1187
  C:0757H         LINE#         1188
  C:0757H         LINE#         1189
  C:0763H         LINE#         1191
  C:0766H         LINE#         1193
  C:0766H         LINE#         1194
  C:0776H         LINE#         1201
  C:0782H         LINE#         1202
  C:0782H         LINE#         1203
  C:0784H         LINE#         1204
  C:0790H         LINE#         1205
  C:079BH         LINE#         1206
  C:079BH         LINE#         1207
  C:07A1H         LINE#         1208
BL51 BANKED LINKER/LOCATER V6.22                                                      11/23/2018  16:09:22  PAGE 30


  C:07D2H         LINE#         1209
  C:0804H         LINE#         1210
  C:081DH         LINE#         1211
  C:083CH         LINE#         1212
  C:0850H         LINE#         1213
  C:085EH         LINE#         1215
  C:0874H         LINE#         1216
  C:0882H         LINE#         1217
  C:08A6H         LINE#         1218
  C:08A6H         LINE#         1219
  C:08CEH         LINE#         1220
  C:08DEH         LINE#         1221
  C:0912H         LINE#         1223
  C:0917H         LINE#         1225
  C:092FH         LINE#         1226
  C:093DH         LINE#         1227
  C:0954H         LINE#         1228
  C:0954H         LINE#         1229
  C:0978H         LINE#         1230
  C:0988H         LINE#         1231
  C:09BCH         LINE#         1233
  C:09C1H         LINE#         1235
  C:09D9H         LINE#         1236
  C:09E7H         LINE#         1237
  C:0A0BH         LINE#         1238
  C:0A0BH         LINE#         1239
  C:0A33H         LINE#         1240
  C:0A43H         LINE#         1241
  C:0A43H         LINE#         1243
  C:0A43H         LINE#         1244
  C:0A5EH         LINE#         1245
  C:0A77H         LINE#         1247
  C:0A88H         LINE#         1248
  C:0A99H         LINE#         1250
  C:0A9BH         LINE#         1251
  C:0A9DH         LINE#         1252
  C:0AA2H         LINE#         1254
  C:0AAAH         LINE#         1255
  C:0AAAH         LINE#         1256
  C:0AC0H         LINE#         1257
  C:0ADCH         LINE#         1258
  C:0AE2H         LINE#         1259
  C:0AE4H         LINE#         1261
  C:0AE6H         LINE#         1262
  C:0AE9H         LINE#         1264
  C:0AE9H         LINE#         1266
  C:0AEBH         LINE#         1268
  C:0AEBH         LINE#         1269
  C:0AEBH         LINE#         1270
  C:0AEEH         LINE#         1271
  C:0AEEH         LINE#         1272
  C:0AF1H         LINE#         1273
  C:0AF4H         LINE#         1274
  C:0AF4H         LINE#         1275
  C:0AF4H         LINE#         1276
  C:0AF7H         LINE#         1278
  C:0AF7H         LINE#         1280
BL51 BANKED LINKER/LOCATER V6.22                                                      11/23/2018  16:09:22  PAGE 31


  C:0AFDH         LINE#         1281
  C:0B06H         LINE#         1282
  C:0B06H         LINE#         1284
  C:0B08H         LINE#         1285
  C:0B0AH         LINE#         1287
  C:0B0AH         LINE#         1288
  C:0B0FH         LINE#         1289
  C:0B18H         LINE#         1290
  C:0B18H         LINE#         1292
  C:0B1AH         LINE#         1293
  C:0B28H         LINE#         1294
  C:0B28H         LINE#         1295
  C:0B2DH         LINE#         1297
  C:0B33H         LINE#         1298
  C:0B41H         LINE#         1299
  C:0B43H         LINE#         1301
  C:0B4BH         LINE#         1304
  C:0B52H         LINE#         1305
  C:0B52H         LINE#         1308
  C:0B5DH         LINE#         1309
  C:0B69H         LINE#         1310
  C:0B6CH         LINE#         1311
  C:0B82H         LINE#         1312
  C:0B82H         LINE#         1318
  C:0B84H         LINE#         1319
  C:0B8FH         LINE#         1320
  C:0B9AH         LINE#         1321
  C:0B9AH         LINE#         1322
  C:0BA0H         LINE#         1323
  C:0BD1H         LINE#         1324
  C:0C03H         LINE#         1325
  C:0C1CH         LINE#         1326
  C:0C3BH         LINE#         1327
  C:0C4FH         LINE#         1328
  C:0C5DH         LINE#         1330
  C:0C73H         LINE#         1331
  C:0C81H         LINE#         1332
  C:0CA6H         LINE#         1333
  C:0CA6H         LINE#         1334
  C:0CBEH         LINE#         1335
  C:0CCEH         LINE#         1336
  C:0D02H         LINE#         1338
  C:0D1BH         LINE#         1339
  C:0D29H         LINE#         1340
  C:0D40H         LINE#         1341
  C:0D40H         LINE#         1342
  C:0D64H         LINE#         1343
  C:0D74H         LINE#         1344
  C:0DA8H         LINE#         1346
  C:0DC1H         LINE#         1347
  C:0DCFH         LINE#         1348
  C:0DF4H         LINE#         1349
  C:0DF4H         LINE#         1350
  C:0E0CH         LINE#         1351
  C:0E1CH         LINE#         1352
  C:0E1CH         LINE#         1354
  C:0E1CH         LINE#         1355
BL51 BANKED LINKER/LOCATER V6.22                                                      11/23/2018  16:09:22  PAGE 32


  C:0E37H         LINE#         1356
  C:0E50H         LINE#         1358
  C:0E5DH         LINE#         1359
  C:0E5FH         LINE#         1366
  C:0E7DH         LINE#         1367
  C:0E9BH         LINE#         1369
  C:0E9DH         LINE#         1370
  C:0EA2H         LINE#         1372
  C:0EAAH         LINE#         1373
  C:0EAAH         LINE#         1374
  C:0EC0H         LINE#         1375
  C:0EDCH         LINE#         1376
  C:0EE2H         LINE#         1377
  C:0EE5H         LINE#         1378
  C:0EE5H         LINE#         1379
  C:0EEBH         LINE#         1380
  C:0EEFH         LINE#         1381
  C:0EF2H         LINE#         1382
  C:0EF9H         LINE#         1383
  C:0EFCH         LINE#         1384
  C:0EFCH         LINE#         1385
  C:0EFCH         LINE#         1386
  C:0F13H         LINE#         1387
  C:0F2FH         LINE#         1389
  C:0F2FH         LINE#         1391
  C:0F2FH         LINE#         1393
  C:0F35H         LINE#         1394
  C:0F3BH         LINE#         1395
  C:0F3BH         LINE#         1397
  C:0F3DH         LINE#         1398
  C:0F3FH         LINE#         1399
  C:0F3FH         LINE#         1400
  C:0F3FH         LINE#         1402
  C:0F3FH         LINE#         1403
  C:0F3FH         LINE#         1404
  C:0F3FH         LINE#         1405
  C:0F44H         LINE#         1410
  C:0F44H         LINE#         1411
  C:0F5CH         LINE#         1412
  C:0F5CH         LINE#         1414
  C:0F66H         LINE#         1415
  C:0F6EH         LINE#         1416
  C:0FA9H         LINE#         1417
  C:0FC7H         LINE#         1418
  C:0FE5H         LINE#         1419
  C:0FEAH         LINE#         1420
  C:0FEAH         LINE#         1421
  C:0FF0H         LINE#         1422
  C:0FF0H         LINE#         1423
  C:1004H         LINE#         1424
  C:1006H         LINE#         1425
  C:100BH         LINE#         1426
  C:1011H         LINE#         1427
  C:1011H         LINE#         1428
  C:101AH         LINE#         1429
  C:101AH         LINE#         1430
  C:102EH         LINE#         1431
BL51 BANKED LINKER/LOCATER V6.22                                                      11/23/2018  16:09:22  PAGE 33


  C:1031H         LINE#         1432
  C:1036H         LINE#         1433
  C:103CH         LINE#         1434
  C:103CH         LINE#         1435
  -------         ENDPROC       MAIN
  -------         PROC          IO_INIT
  C:56E6H         LINE#         1445
  C:56E6H         LINE#         1446
  C:56E6H         LINE#         1447
  C:56E9H         LINE#         1448
  C:56EBH         LINE#         1449
  C:56EDH         LINE#         1450
  C:56EFH         LINE#         1451
  C:56F1H         LINE#         1452
  C:56F3H         LINE#         1453
  C:56F5H         LINE#         1454
  C:56F7H         LINE#         1457
  C:56F9H         LINE#         1464
  C:56FBH         LINE#         1466
  C:56FDH         LINE#         1467
  C:5700H         LINE#         1469
  C:5702H         LINE#         1470
  C:5705H         LINE#         1473
  -------         ENDPROC       IO_INIT
  -------         PROC          _DELAY_100US
  D:0006H         SYMBOL        delay_time
  -------         DO            
  D:0004H         SYMBOL        i
  -------         ENDDO         
  C:5389H         LINE#         1481
  C:5389H         LINE#         1482
  C:5389H         LINE#         1484
  C:5393H         LINE#         1485
  C:5393H         LINE#         1486
  C:539DH         LINE#         1487
  C:53A7H         LINE#         1488
  C:53B1H         LINE#         1489
  C:53BBH         LINE#         1490
  C:53C5H         LINE#         1491
  C:53CCH         LINE#         1492
  -------         ENDPROC       _DELAY_100US
  -------         PROC          VARIABLE_INIT
  C:5582H         LINE#         1494
  C:5582H         LINE#         1495
  C:5582H         LINE#         1496
  C:5590H         LINE#         1497
  C:559EH         LINE#         1498
  C:55A1H         LINE#         1499
  C:55A3H         LINE#         1500
  C:55A5H         LINE#         1501
  C:55A7H         LINE#         1502
  -------         ENDPROC       VARIABLE_INIT
  -------         ENDMOD        MAIN

  -------         MODULE        TYPE_A
  C:0000H         SYMBOL        _ICE_DUMMY_
  D:0080H         PUBLIC        P0
BL51 BANKED LINKER/LOCATER V6.22                                                      11/23/2018  16:09:22  PAGE 34


  D:0090H         PUBLIC        P1
  D:00A0H         PUBLIC        P2
  D:00B0H         PUBLIC        P3
  D:00C0H         PUBLIC        P4
  D:00C8H         PUBLIC        P5
  D:00E8H         PUBLIC        P6
  D:00F8H         PUBLIC        P7
  D:00A8H         PUBLIC        IE
  C:496AH         PUBLIC        _TypeA_WakeUp
  D:00B8H         PUBLIC        IP
  D:00D8H         PUBLIC        CCON
  C:3CBFH         PUBLIC        _TypeA_Anticollision
  C:4470H         PUBLIC        _TypeA_Select
  C:48D3H         PUBLIC        _TypeA_Request
  D:0098H         PUBLIC        SCON
  D:0088H         PUBLIC        TCON
  X:066DH         PUBLIC        PICC_A
  C:5197H         PUBLIC        TypeA_Halt
  C:2948H         PUBLIC        _TypeA_CardActivate
  D:00D0H         PUBLIC        PSW
  -------         PROC          _TYPEA_REQUEST
  X:062DH         SYMBOL        pTagType
  -------         DO            
  D:0022H         SYMBOL        result
  D:0023H         SYMBOL        send_buff
  D:0024H         SYMBOL        rece_buff
  D:0026H         SYMBOL        rece_bitlen
  -------         ENDDO         
  C:48D3H         LINE#         23
  C:48DEH         LINE#         24
  C:48DEH         LINE#         27
  C:48E5H         LINE#         28
  C:48ECH         LINE#         29
  C:48F3H         LINE#         30
  C:48FAH         LINE#         31
  C:4901H         LINE#         32
  C:4904H         LINE#         33
  C:490FH         LINE#         34
  C:4938H         LINE#         35
[...]
  C:5679H         LINE#         132
  C:5679H         LINE#         133
  C:567CH         LINE#         134
  C:567EH         LINE#         135
  C:5680H         LINE#         136
  -------         ENDPROC       _I2C_SENDBYTE
  -------         PROC          I2C_RECEIVEBYTE
  -------         DO            
  D:0007H         SYMBOL        i
  D:0006H         SYMBOL        ReceiveByte
  -------         ENDDO         
  C:56A3H         LINE#         138
  C:56A3H         LINE#         139
  C:56A3H         LINE#         140
  C:56A5H         LINE#         141
  C:56A7H         LINE#         143
  C:56A9H         LINE#         144
  C:56AFH         LINE#         145
  C:56AFH         LINE#         146
  C:56B3H         LINE#         147
  C:56B5H         LINE#         148
  C:56B5H         LINE#         149
  C:56B5H         LINE#         150
  C:56B8H         LINE#         151
  C:56BBH         LINE#         152
  C:56BBH         LINE#         153
  C:56BEH         LINE#         154
  C:56BEH         LINE#         155
  C:56C0H         LINE#         156
  C:56C2H         LINE#         157
  C:56C4H         LINE#         158
  -------         ENDPROC       I2C_RECEIVEBYTE
  -------         PROC          SEE_WAITEESTANDBYSTATE
  C:5745H         LINE#         164
  C:5745H         LINE#         165
  C:574AH         LINE#         166
  C:574AH         LINE#         167
  C:5753H         LINE#         168
  C:5753H         LINE#         169
  C:5756H         LINE#         170
  C:575BH         LINE#         171
  C:5761H         LINE#         173
  -------         ENDPROC       SEE_WAITEESTANDBYSTATE
  C:4FA0H         SYMBOL        L?0088
  C:4FA3H         SYMBOL        L?0089
  C:4FB6H         SYMBOL        L?0090
  -------         PROC          L?0087
  -------         ENDPROC       L?0087
  C:4FA0H         SYMBOL        L?0088
  C:4FA3H         SYMBOL        L?0089
  C:4FB6H         SYMBOL        L?0090
BL51 BANKED LINKER/LOCATER V6.22                                                      11/23/2018  16:09:22  PAGE 69


  -------         PROC          _SEE_WRITEPAGE
  D:0001H         SYMBOL        pBuffer
  X:061CH         SYMBOL        WriteAddr
  X:061EH         SYMBOL        NumByteToWrite
  C:4FBAH         LINE#         186
  C:4FC2H         LINE#         187
  C:4FC2H         LINE#         188
  C:4FCAH         LINE#         189
  C:4FCFH         LINE#         190
  C:4FD2H         LINE#         193
  C:4FDAH         LINE#         194
  C:4FDDH         LINE#         196
  C:4FE6H         LINE#         197
  C:4FE9H         LINE#         199
  C:4FF3H         LINE#         200
  C:4FFAH         LINE#         201
  C:4FFDH         LINE#         202
  C:5004H         LINE#         203
  C:5006H         LINE#         204
  C:5009H         LINE#         205
  C:500BH         LINE#         206
  -------         ENDPROC       _SEE_WRITEPAGE
  -------         PROC          _FM11_WRITEE2
  X:0693H         SYMBOL        pBuffer
  X:0696H         SYMBOL        WriteAddr
  X:0698H         SYMBOL        NumByteToWrite
  -------         DO            
  X:069AH         SYMBOL        NumOfPage
  X:069BH         SYMBOL        NumOfSingle
  X:069CH         SYMBOL        count
  D:0002H         SYMBOL        Addr
  -------         ENDDO         
  C:301BH         LINE#         214
  C:302CH         LINE#         215
  C:302CH         LINE#         216
  C:3035H         LINE#         217
  C:3035H         LINE#         219
  C:3038H         LINE#         220
  C:303EH         LINE#         221
  C:3053H         LINE#         222
  C:3058H         LINE#         224
  C:305BH         LINE#         225
  C:3061H         LINE#         226
  C:3062H         LINE#         227
  C:306AH         LINE#         228
  C:306AH         LINE#         229
  C:306DH         LINE#         230
  C:3077H         LINE#         231
  C:307DH         LINE#         232
  C:3098H         LINE#         233
  C:309BH         LINE#         234
  C:30A9H         LINE#         235
  C:30B3H         LINE#         236
  C:30B5H         LINE#         237
  C:30BFH         LINE#         238
  C:30BFH         LINE#         239
  C:30C7H         LINE#         240
BL51 BANKED LINKER/LOCATER V6.22                                                      11/23/2018  16:09:22  PAGE 70


  C:30C7H         LINE#         241
  C:30C7H         LINE#         242
  C:30C7H         LINE#         243
  C:30CAH         LINE#         244
  C:30D0H         LINE#         245
  C:30E4H         LINE#         246
  C:30E8H         LINE#         247
  C:30F0H         LINE#         248
  C:30F3H         LINE#         249
  C:3105H         LINE#         251
  C:3132H         LINE#         252
  C:3132H         LINE#         253
  C:3135H         LINE#         254
  C:3138H         LINE#         255
  C:3140H         LINE#         256
  C:3140H         LINE#         257
  C:3140H         LINE#         258
  C:3143H         LINE#         259
  C:3157H         LINE#         260
  C:3169H         LINE#         261
  C:316EH         LINE#         263
  C:3171H         LINE#         264
  C:3171H         LINE#         266
  C:3171H         LINE#         267
  C:3179H         LINE#         268
  C:317CH         LINE#         269
  C:318FH         LINE#         270
  C:3195H         LINE#         271
  C:3197H         LINE#         272
  C:31A1H         LINE#         273
  C:31A7H         LINE#         274
  C:31C6H         LINE#         275
  C:31C9H         LINE#         276
  C:31D7H         LINE#         277
  C:31E1H         LINE#         278
  C:31E3H         LINE#         279
  C:31EAH         LINE#         280
  C:31EAH         LINE#         281
  C:31F2H         LINE#         282
  C:31F5H         LINE#         283
  C:31F5H         LINE#         284
  C:31F5H         LINE#         285
  C:31F5H         LINE#         286
  C:31F7H         LINE#         287
  -------         ENDPROC       _FM11_WRITEE2
  -------         PROC          _FM11_READREG
  D:0006H         SYMBOL        addr
  -------         DO            
  X:0619H         SYMBOL        pd
  D:0007H         SYMBOL        a
  -------         ENDDO         
  C:56C5H         LINE#         290
  C:56C5H         LINE#         291
  C:56C5H         LINE#         294
  C:56DDH         LINE#         295
  C:56DDH         LINE#         296
  C:56E2H         LINE#         297
BL51 BANKED LINKER/LOCATER V6.22                                                      11/23/2018  16:09:22  PAGE 71


  C:56E3H         LINE#         298
  C:56E3H         LINE#         300
  C:56E5H         LINE#         301
  -------         ENDPROC       _FM11_READREG
  -------         PROC          _FM11_WRITEREG
  D:0002H         SYMBOL        addr
  D:0004H         SYMBOL        da
  C:555BH         LINE#         303
  C:5561H         LINE#         304
  C:5561H         LINE#         305
  C:5569H         LINE#         306
  C:556EH         LINE#         307
  C:5571H         LINE#         308
  C:5571H         LINE#         309
  C:5571H         LINE#         310
  C:5571H         LINE#         311
  C:5574H         LINE#         312
  C:5579H         LINE#         313
  C:557CH         LINE#         314
  C:557FH         LINE#         315
  C:5581H         LINE#         316
  -------         ENDPROC       _FM11_WRITEREG
  -------         PROC          _FM11_READE2
  X:064BH         SYMBOL        pBuffer
  D:0002H         SYMBOL        ReadAddr
  X:0650H         SYMBOL        NumByteToRead
  C:4D4DH         LINE#         319
  C:4D5CH         LINE#         320
  C:4D5CH         LINE#         321
  C:4D62H         LINE#         322
  C:4D64H         LINE#         323
  C:4D69H         LINE#         324
  C:4D74H         LINE#         326
  C:4D74H         LINE#         327
  C:4D74H         LINE#         329
  C:4D74H         LINE#         330
  C:4D77H         LINE#         332
  C:4D7AH         LINE#         333
  C:4D7FH         LINE#         334
  C:4D82H         LINE#         336
  C:4D8CH         LINE#         337
  C:4D8CH         LINE#         338
  C:4D9EH         LINE#         339
  C:4DAFH         LINE#         340
  C:4DB2H         LINE#         341
  C:4DBCH         LINE#         342
  C:4DCAH         LINE#         343
  C:4DCCH         LINE#         344
  C:4DCFH         LINE#         345
  C:4DD1H         LINE#         346
  -------         ENDPROC       _FM11_READE2
  -------         PROC          _FM11_READFIFO
  D:0007H         SYMBOL        NumByteToRead
  D:0001H         SYMBOL        pbuf
  C:580BH         LINE#         349
  C:580BH         LINE#         350
  C:580BH         LINE#         351
BL51 BANKED LINKER/LOCATER V6.22                                                      11/23/2018  16:09:22  PAGE 72


  C:5820H         LINE#         352
  C:5822H         LINE#         353
  -------         ENDPROC       _FM11_READFIFO
  -------         PROC          L?0094
  -------         ENDPROC       L?0094
  -------         PROC          _FM11_WRITEFIFO
  D:0001H         SYMBOL        pbuf
  D:0005H         SYMBOL        NumByteToWrite
  C:57C4H         LINE#         355
  C:57C4H         LINE#         356
  C:57C4H         LINE#         357
  C:57D6H         LINE#         358
  C:57D8H         LINE#         359
  -------         ENDPROC       _FM11_WRITEFIFO
  -------         PROC          FM11_INIT
  C:563AH         LINE#         363
  C:563AH         LINE#         364
  C:563AH         LINE#         368
  C:5643H         LINE#         369
  C:564CH         LINE#         370
  C:5655H         LINE#         371
  -------         ENDPROC       FM11_INIT
  -------         PROC          _FM11_RFDATATX
  D:0006H         SYMBOL        ilen
  D:0001H         SYMBOL        ibuf
  -------         DO            
  X:0614H         SYMBOL        slen
  X:0616H         SYMBOL        sbuf
  -------         ENDDO         
  C:4253H         LINE#         403
  C:4253H         LINE#         404
  C:4253H         LINE#         408
  C:425BH         LINE#         409
  C:4264H         LINE#         412
  C:4278H         LINE#         413
  C:4278H         LINE#         414
  C:4281H         LINE#         415
  C:4288H         LINE#         416
  C:428BH         LINE#         418
  C:428BH         LINE#         419
  C:4290H         LINE#         421
  C:429EH         LINE#         422
  C:42A8H         LINE#         423
  C:42A8H         LINE#         425
  C:42AAH         LINE#         427
  C:42B9H         LINE#         428
  C:42B9H         LINE#         429
  C:42C8H         LINE#         430
  C:42C8H         LINE#         431
  C:42D7H         LINE#         432
  C:42D7H         LINE#         433
  C:42DDH         LINE#         434
  C:42E4H         LINE#         435
  C:42E6H         LINE#         437
  C:42E6H         LINE#         438
  C:42EEH         LINE#         440
  C:42FCH         LINE#         441
BL51 BANKED LINKER/LOCATER V6.22                                                      11/23/2018  16:09:22  PAGE 73


  C:4306H         LINE#         442
  C:4306H         LINE#         443
  C:4306H         LINE#         445
  C:430FH         LINE#         446
  C:4311H         LINE#         455
  -------         ENDPROC       _FM11_RFDATATX
  -------         ENDMOD        I2C

  -------         MODULE        BT
  C:0000H         SYMBOL        _ICE_DUMMY_
  D:0080H         PUBLIC        P0
  D:0090H         PUBLIC        P1
  D:00A0H         PUBLIC        P2
  D:00B0H         PUBLIC        P3
  D:00C0H         PUBLIC        P4
  D:00C8H         PUBLIC        P5
  D:00E8H         PUBLIC        P6
  D:00F8H         PUBLIC        P7
  B:0080H.4       PUBLIC        AT_BT
  C:2E1AH         PUBLIC        BT_Init
  D:00A8H         PUBLIC        IE
  D:00B8H         PUBLIC        IP
  D:00D8H         PUBLIC        CCON
  D:0098H         PUBLIC        SCON
  D:0088H         PUBLIC        TCON
  B:0080H.2       PUBLIC        REST_BT
  C:5330H         SYMBOL        _?ix1000
  C:39D0H         PUBLIC        _strsearch
  D:00D0H         PUBLIC        PSW
  -------         PROC          _STRSEARCH
  X:0626H         SYMBOL        ptr2
  X:0629H         SYMBOL        ptr1_at
  X:062CH         SYMBOL        Len
  -------         DO            
  X:062EH         SYMBOL        i
  X:0630H         SYMBOL        j
  D:0006H         SYMBOL        k
  X:0632H         SYMBOL        Data
  -------         ENDDO         
  C:39D0H         LINE#         8
  C:39DBH         LINE#         9
  C:39DBH         LINE#         16
  C:39E2H         LINE#         17
  C:3A05H         LINE#         18
  C:3A05H         LINE#         19
  C:3A23H         LINE#         27
  C:3A3FH         LINE#         28
  C:3A3FH         LINE#         29
  C:3A54H         LINE#         30
  C:3A54H         LINE#         31
  C:3A71H         LINE#         32
  C:3A73H         LINE#         33
  C:3A7BH         LINE#         41
  C:3A95H         LINE#         42
  C:3AAAH         LINE#         43
  C:3AB1H         LINE#         44
  C:3AB1H         LINE#         45
BL51 BANKED LINKER/LOCATER V6.22                                                      11/23/2018  16:09:22  PAGE 74


  C:3AC5H         LINE#         46
  C:3AC7H         LINE#         47
  -------         ENDPROC       _STRSEARCH
  -------         PROC          BT_INIT
  -------         DO            
  X:0614H         SYMBOL        BT_Name
  -------         ENDDO         
  C:2E1AH         LINE#         49
  C:2E1AH         LINE#         50
  C:2E1AH         LINE#         51
  C:2E2DH         LINE#         53
  C:2E2FH         LINE#         54
  C:2E34H         LINE#         55
  C:2E3DH         LINE#         56
  C:2E3FH         LINE#         57
  C:2E44H         LINE#         58
  C:2E4DH         LINE#         60
  C:2E4FH         LINE#         61
  C:2E54H         LINE#         62
  C:2E5DH         LINE#         63
  C:2E62H         LINE#         64
  C:2E66H         LINE#         65
  C:2E6CH         LINE#         66
  C:2E77H         LINE#         67
  C:2E83H         LINE#         68
  C:2E88H         LINE#         69
  C:2E91H         LINE#         70
  C:2E96H         LINE#         71
  C:2EA7H         LINE#         72
  C:2EAEH         LINE#         73
  C:2EB8H         LINE#         75
  C:2EBDH         LINE#         76
  C:2EC1H         LINE#         77
  C:2EC7H         LINE#         78
  C:2ED2H         LINE#         79
  C:2EDEH         LINE#         80
  C:2EE3H         LINE#         81
  C:2F15H         LINE#         83
  C:2F1AH         LINE#         84
  C:2F2BH         LINE#         85
  C:2F32H         LINE#         86
  C:2F3EH         LINE#         87
  C:2F3EH         LINE#         88
  C:2F43H         LINE#         89
  C:2F47H         LINE#         90
  C:2F4DH         LINE#         91
  C:2F57H         LINE#         92
  C:2F63H         LINE#         93
  C:2F6FH         LINE#         94
  C:2F74H         LINE#         95
  C:2FA6H         LINE#         96
  C:2FABH         LINE#         97
  C:2FBCH         LINE#         98
  C:2FC3H         LINE#         99
  C:2FC3H         LINE#         101
  C:2FC8H         LINE#         102
  C:2FCCH         LINE#         103
BL51 BANKED LINKER/LOCATER V6.22                                                      11/23/2018  16:09:22  PAGE 75


  C:2FD2H         LINE#         104
  C:2FDDH         LINE#         105
  C:2FE9H         LINE#         106
  C:2FEEH         LINE#         107
  C:2FF7H         LINE#         108
  C:2FFCH         LINE#         109
  C:300DH         LINE#         110
  C:3014H         LINE#         112
  C:3018H         LINE#         113
  C:301AH         LINE#         114
  -------         ENDPROC       BT_INIT
  -------         ENDMOD        BT

  -------         MODULE        EEPROM
  C:0000H         SYMBOL        _ICE_DUMMY_
  D:0080H         PUBLIC        P0
  D:0090H         PUBLIC        P1
  D:00A0H         PUBLIC        P2
  D:00B0H         PUBLIC        P3
  D:00C0H         PUBLIC        P4
  D:00C6H         PUBLIC        ISP_TRIG
  D:00C8H         PUBLIC        P5
  D:00E8H         PUBLIC        P6
  D:00F8H         PUBLIC        P7
  D:00A8H         PUBLIC        IE
  D:00B8H         PUBLIC        IP
  D:00C5H         PUBLIC        ISP_CMD
  D:00D8H         PUBLIC        CCON
  D:00C3H         PUBLIC        ISP_ADDRH
  D:0098H         PUBLIC        SCON
  D:0088H         PUBLIC        TCON
  D:00C4H         PUBLIC        ISP_ADDRL
  C:55CDH         PUBLIC        _E2prom
  D:00C7H         PUBLIC        ISP_CONTR
  D:00D0H         PUBLIC        PSW
  -------         PROC          _E2PROM
  D:0003H         SYMBOL        isp_iap_C
  D:0004H         SYMBOL        Address
  C:55CDH         LINE#         7
  C:55CFH         LINE#         10
  C:55CFH         LINE#         12
  C:55D2H         LINE#         13
  C:55D6H         LINE#         14
  C:55D9H         LINE#         15
  C:55DDH         LINE#         16
  C:55E0H         LINE#         17
  C:55E3H         LINE#         18
  C:55E4H         LINE#         19
  C:55EBH         LINE#         20
  C:55F1H         LINE#         22
  -------         ENDPROC       _E2PROM
  -------         ENDMOD        EEPROM

  -------         MODULE        ?C?COPY
  C:217FH         PUBLIC        ?C?COPY
  -------         ENDMOD        ?C?COPY

BL51 BANKED LINKER/LOCATER V6.22                                                      11/23/2018  16:09:22  PAGE 76


  -------         MODULE        ?C?CLDPTR
  C:21A5H         PUBLIC        ?C?CLDPTR
  -------         ENDMOD        ?C?CLDPTR

  -------         MODULE        ?C?CLDOPTR
  C:21BEH         PUBLIC        ?C?CLDOPTR
  -------         ENDMOD        ?C?CLDOPTR

  -------         MODULE        ?C?CSTPTR
  C:21EBH         PUBLIC        ?C?CSTPTR
  -------         ENDMOD        ?C?CSTPTR

  -------         MODULE        ?C?CSTOPTR
  C:21FDH         PUBLIC        ?C?CSTOPTR
  -------         ENDMOD        ?C?CSTOPTR

  -------         MODULE        ?C?UIDIV
  C:221FH         PUBLIC        ?C?UIDIV
  -------         ENDMOD        ?C?UIDIV

  -------         MODULE        ?C?IILDX
  C:2274H         PUBLIC        ?C?IILDX
  -------         ENDMOD        ?C?IILDX

  -------         MODULE        ?C?ILDIX
  C:228AH         PUBLIC        ?C?ILDIX
  -------         ENDMOD        ?C?ILDIX

  -------         MODULE        ?C?ISTPTR
  C:22A0H         PUBLIC        ?C?ISTPTR
  -------         ENDMOD        ?C?ISTPTR

  -------         MODULE        ?C?LMUL
  C:22BFH         PUBLIC        ?C?LMUL
  -------         ENDMOD        ?C?LMUL

  -------         MODULE        ?C?ULDIV
  C:234AH         PUBLIC        ?C?ULDIV
  -------         ENDMOD        ?C?ULDIV

  -------         MODULE        ?C?ULCMP
  C:23DCH         PUBLIC        ?C?ULCMP
  -------         ENDMOD        ?C?ULCMP

  -------         MODULE        ?C?ULSHR
  C:23EDH         PUBLIC        ?C?ULSHR
  -------         ENDMOD        ?C?ULSHR

  -------         MODULE        ?C?LSTXDATA
  C:2400H         PUBLIC        ?C?LSTXDATA
  -------         ENDMOD        ?C?LSTXDATA

  -------         MODULE        ?C?CCASE
  C:240CH         PUBLIC        ?C?CCASE
  -------         ENDMOD        ?C?CCASE

  -------         MODULE        ?C?MEMMOVE
BL51 BANKED LINKER/LOCATER V6.22                                                      11/23/2018  16:09:22  PAGE 77


  C:25ACH         PUBLIC        ?C?MEMMOVE
  -------         ENDMOD        ?C?MEMMOVE

*** WARNING L16: UNCALLED SEGMENT, IGNORED FOR OVERLAY PROCESS
    SEGMENT: ?PR?REST_FM17XX?MAIN

*** WARNING L16: UNCALLED SEGMENT, IGNORED FOR OVERLAY PROCESS
    SEGMENT: ?PR?_FM11_WRITEE2?I2C

*** WARNING L15: MULTIPLE CALL TO SEGMENT
    SEGMENT: ?PR?_UART_?MAIN
    CALLER1: ?PR?UART1_INTE?MAIN
    CALLER2: ?PR?UART2_INTE?MAIN

*** WARNING L15: MULTIPLE CALL TO SEGMENT
    SEGMENT: ?PR?_SEND_STRING1?UART
    CALLER1: ?PR?TIME0?MAIN
    CALLER2: ?C_C51STARTUP

Program Size: data=67.6 xdata=1703 code=22800
LINK/LOCATE RUN COMPLETE.  4 WARNING(S),  0 ERROR(S)
